interactions:
- request:
    body: null
    headers:
      Accept:
      - '*/*'
      Accept-Encoding:
      - gzip, deflate
      Connection:
      - keep-alive
      Cookie:
      - WMF-Last-Access=22-Jan-2024; NetworkProbeLimit=0.001; WMF-Last-Access-Global=22-Jan-2024;
        GeoIP=US:WA:Seattle:47.61:-122.34:v4
      User-Agent:
      - mediawikiapi (https://github.com/lehinevych/MediaWikiAPI/)
    method: GET
    uri: https://en.wikipedia.org/w/api.php?list=search&srprop=&srlimit=1&limit=1&srsearch=Celtuce&srinfo=suggestion&format=json&action=query
  response:
    body:
      string: '{"warnings":{"main":{"*":"Unrecognized parameter: limit."}},"batchcomplete":"","continue":{"sroffset":1,"continue":"-||"},"query":{"search":[{"ns":0,"title":"Celtuce","pageid":1868108}]}}'
    headers:
      accept-ranges:
      - bytes
      age:
      - '0'
      cache-control:
      - private, must-revalidate, max-age=0
      content-disposition:
      - inline; filename=api-result.json
      content-length:
      - '187'
      content-type:
      - application/json; charset=utf-8
      date:
      - Mon, 22 Jan 2024 03:34:01 GMT
      nel:
      - '{ "report_to": "wm_nel", "max_age": 604800, "failure_fraction": 0.05, "success_fraction":
        0.0}'
      report-to:
      - '{ "group": "wm_nel", "max_age": 604800, "endpoints": [{ "url": "https://intake-logging.wikimedia.org/v1/events?stream=w3c.reportingapi.network_error&schema_uri=/w3c/reportingapi/network_error/1.0.0"
        }] }'
      server:
      - mw2308.codfw.wmnet
      server-timing:
      - cache;desc="pass", host;desc="cp4044"
      set-cookie:
      - NetworkProbeLimit=0.001;Path=/;Secure;Max-Age=3600
      strict-transport-security:
      - max-age=106384710; includeSubDomains; preload
      vary:
      - Accept-Encoding,Treat-as-Untrusted,X-Forwarded-Proto,Cookie
      x-cache:
      - cp4044 miss, cp4044 pass
      x-cache-status:
      - pass
      x-client-ip:
      - 205.251.233.111
      x-content-type-options:
      - nosniff
      x-frame-options:
      - DENY
      x-search-id:
      - 6fk0gyce94hnk9i2ms6kez206
    status:
      code: 200
      message: OK
- request:
    body: null
    headers:
      Accept:
      - '*/*'
      Accept-Encoding:
      - gzip, deflate
      Connection:
      - keep-alive
      Cookie:
      - WMF-Last-Access=22-Jan-2024; NetworkProbeLimit=0.001; WMF-Last-Access-Global=22-Jan-2024;
        GeoIP=US:WA:Seattle:47.61:-122.34:v4
      User-Agent:
      - mediawikiapi (https://github.com/lehinevych/MediaWikiAPI/)
    method: GET
    uri: https://en.wikipedia.org/w/api.php?prop=info%7Cpageprops&inprop=url&redirects=&titles=Celtuce&format=json&action=query
  response:
    body:
      string: '{"batchcomplete":"","query":{"pages":{"1868108":{"pageid":1868108,"ns":0,"title":"Celtuce","contentmodel":"wikitext","pagelanguage":"en","pagelanguagehtmlcode":"en","pagelanguagedir":"ltr","touched":"2024-01-14T08:20:36Z","lastrevid":1194071915,"length":4964,"fullurl":"https://en.wikipedia.org/wiki/Celtuce","editurl":"https://en.wikipedia.org/w/index.php?title=Celtuce&action=edit","canonicalurl":"https://en.wikipedia.org/wiki/Celtuce","pageprops":{"page_image_free":"Celtuce.jpg","wikibase-shortdesc":"Lettuce
        cultivar","wikibase_item":"Q574172"}}}}}'
    headers:
      accept-ranges:
      - bytes
      age:
      - '0'
      cache-control:
      - private, must-revalidate, max-age=0
      content-disposition:
      - inline; filename=api-result.json
      content-length:
      - '554'
      content-type:
      - application/json; charset=utf-8
      date:
      - Mon, 22 Jan 2024 03:34:01 GMT
      nel:
      - '{ "report_to": "wm_nel", "max_age": 604800, "failure_fraction": 0.05, "success_fraction":
        0.0}'
      report-to:
      - '{ "group": "wm_nel", "max_age": 604800, "endpoints": [{ "url": "https://intake-logging.wikimedia.org/v1/events?stream=w3c.reportingapi.network_error&schema_uri=/w3c/reportingapi/network_error/1.0.0"
        }] }'
      server:
      - mw-api-ext.codfw.main-76547589f-8nr6p
      server-timing:
      - cache;desc="pass", host;desc="cp4044"
      set-cookie:
      - NetworkProbeLimit=0.001;Path=/;Secure;Max-Age=3600
      strict-transport-security:
      - max-age=106384710; includeSubDomains; preload
      vary:
      - Accept-Encoding,Treat-as-Untrusted,X-Forwarded-Proto,Cookie
      x-cache:
      - cp4044 miss, cp4044 pass
      x-cache-status:
      - pass
      x-client-ip:
      - 205.251.233.111
      x-content-type-options:
      - nosniff
      x-frame-options:
      - DENY
    status:
      code: 200
      message: OK
- request:
    body: null
    headers:
      Accept:
      - '*/*'
      Accept-Encoding:
      - gzip, deflate
      Connection:
      - keep-alive
      Cookie:
      - WMF-Last-Access=22-Jan-2024; NetworkProbeLimit=0.001; WMF-Last-Access-Global=22-Jan-2024;
        GeoIP=US:WA:Seattle:47.61:-122.34:v4
      User-Agent:
      - mediawikiapi (https://github.com/lehinevych/MediaWikiAPI/)
    method: GET
    uri: https://en.wikipedia.org/w/api.php?list=search&srprop=&srlimit=1&limit=1&srsearch=2007+Atlantic+hurricane+season&srinfo=suggestion&format=json&action=query
  response:
    body:
      string: '{"warnings":{"main":{"*":"Unrecognized parameter: limit."}},"batchcomplete":"","continue":{"sroffset":1,"continue":"-||"},"query":{"search":[{"ns":0,"title":"2007
        Atlantic hurricane season","pageid":2528069}]}}'
    headers:
      accept-ranges:
      - bytes
      age:
      - '2'
      cache-control:
      - private, must-revalidate, max-age=0
      content-disposition:
      - inline; filename=api-result.json
      content-length:
      - '210'
      content-type:
      - application/json; charset=utf-8
      date:
      - Mon, 22 Jan 2024 03:34:01 GMT
      nel:
      - '{ "report_to": "wm_nel", "max_age": 604800, "failure_fraction": 0.05, "success_fraction":
        0.0}'
      report-to:
      - '{ "group": "wm_nel", "max_age": 604800, "endpoints": [{ "url": "https://intake-logging.wikimedia.org/v1/events?stream=w3c.reportingapi.network_error&schema_uri=/w3c/reportingapi/network_error/1.0.0"
        }] }'
      server:
      - mw2403.codfw.wmnet
      server-timing:
      - cache;desc="pass", host;desc="cp4037"
      set-cookie:
      - NetworkProbeLimit=0.001;Path=/;Secure;Max-Age=3600
      strict-transport-security:
      - max-age=106384710; includeSubDomains; preload
      vary:
      - Accept-Encoding,Treat-as-Untrusted,X-Forwarded-Proto,Cookie
      x-cache:
      - cp4037 miss, cp4037 pass
      x-cache-status:
      - pass
      x-client-ip:
      - 205.251.233.183
      x-content-type-options:
      - nosniff
      x-frame-options:
      - DENY
      x-search-id:
      - vyjeq91elnma73ckxblqpenl
    status:
      code: 200
      message: OK
- request:
    body: null
    headers:
      Accept:
      - '*/*'
      Accept-Encoding:
      - gzip, deflate
      Connection:
      - keep-alive
      Cookie:
      - WMF-Last-Access=22-Jan-2024; NetworkProbeLimit=0.001; WMF-Last-Access-Global=22-Jan-2024;
        GeoIP=US:WA:Seattle:47.61:-122.34:v4
      User-Agent:
      - mediawikiapi (https://github.com/lehinevych/MediaWikiAPI/)
    method: GET
    uri: https://en.wikipedia.org/w/api.php?prop=info%7Cpageprops&inprop=url&redirects=&titles=2007+Atlantic+hurricane+season&format=json&action=query
  response:
    body:
      string: '{"batchcomplete":"","query":{"pages":{"2528069":{"pageid":2528069,"ns":0,"title":"2007
        Atlantic hurricane season","contentmodel":"wikitext","pagelanguage":"en","pagelanguagehtmlcode":"en","pagelanguagedir":"ltr","touched":"2024-01-21T21:16:51Z","lastrevid":1197763446,"length":89612,"fullurl":"https://en.wikipedia.org/wiki/2007_Atlantic_hurricane_season","editurl":"https://en.wikipedia.org/w/index.php?title=2007_Atlantic_hurricane_season&action=edit","canonicalurl":"https://en.wikipedia.org/wiki/2007_Atlantic_hurricane_season","pageprops":{"defaultsort":"2007
        Atlantic Hurricane Season","page_image_free":"2007_Atlantic_hurricane_season_summary_map.png","wikibase-badge-Q17437796":"1","wikibase-shortdesc":"Hurricane
        season in the Atlantic Ocean","wikibase_item":"Q756793"}}}}}'
    headers:
      accept-ranges:
      - bytes
      age:
      - '0'
      cache-control:
      - private, must-revalidate, max-age=0
      content-disposition:
      - inline; filename=api-result.json
      content-length:
      - '782'
      content-type:
      - application/json; charset=utf-8
      date:
      - Mon, 22 Jan 2024 03:34:02 GMT
      nel:
      - '{ "report_to": "wm_nel", "max_age": 604800, "failure_fraction": 0.05, "success_fraction":
        0.0}'
      report-to:
      - '{ "group": "wm_nel", "max_age": 604800, "endpoints": [{ "url": "https://intake-logging.wikimedia.org/v1/events?stream=w3c.reportingapi.network_error&schema_uri=/w3c/reportingapi/network_error/1.0.0"
        }] }'
      server:
      - mw2322.codfw.wmnet
      server-timing:
      - cache;desc="pass", host;desc="cp4044"
      set-cookie:
      - NetworkProbeLimit=0.001;Path=/;Secure;Max-Age=3600
      strict-transport-security:
      - max-age=106384710; includeSubDomains; preload
      vary:
      - Accept-Encoding,Treat-as-Untrusted,X-Forwarded-Proto,Cookie
      x-cache:
      - cp4044 miss, cp4044 pass
      x-cache-status:
      - pass
      x-client-ip:
      - 205.251.233.111
      x-content-type-options:
      - nosniff
      x-frame-options:
      - DENY
    status:
      code: 200
      message: OK
- request:
    body: null
    headers:
      Accept:
      - '*/*'
      Accept-Encoding:
      - gzip, deflate
      Connection:
      - keep-alive
      Cookie:
      - WMF-Last-Access=22-Jan-2024; NetworkProbeLimit=0.001; WMF-Last-Access-Global=22-Jan-2024;
        GeoIP=US:WA:Seattle:47.61:-122.34:v4
      User-Agent:
      - mediawikiapi (https://github.com/lehinevych/MediaWikiAPI/)
    method: GET
    uri: https://en.wikipedia.org/w/api.php?list=search&srprop=&srlimit=1&limit=1&srsearch=Great+Wall+of+China&srinfo=suggestion&format=json&action=query
  response:
    body:
      string: '{"warnings":{"main":{"*":"Unrecognized parameter: limit."}},"batchcomplete":"","continue":{"sroffset":1,"continue":"-||"},"query":{"search":[{"ns":0,"title":"Great
        Wall of China","pageid":5094570}]}}'
    headers:
      accept-ranges:
      - bytes
      age:
      - '0'
      cache-control:
      - private, must-revalidate, max-age=0
      content-disposition:
      - inline; filename=api-result.json
      content-length:
      - '199'
      content-type:
      - application/json; charset=utf-8
      date:
      - Mon, 22 Jan 2024 03:34:02 GMT
      nel:
      - '{ "report_to": "wm_nel", "max_age": 604800, "failure_fraction": 0.05, "success_fraction":
        0.0}'
      report-to:
      - '{ "group": "wm_nel", "max_age": 604800, "endpoints": [{ "url": "https://intake-logging.wikimedia.org/v1/events?stream=w3c.reportingapi.network_error&schema_uri=/w3c/reportingapi/network_error/1.0.0"
        }] }'
      server:
      - mw2321.codfw.wmnet
      server-timing:
      - cache;desc="pass", host;desc="cp4037"
      set-cookie:
      - NetworkProbeLimit=0.001;Path=/;Secure;Max-Age=3600
      strict-transport-security:
      - max-age=106384710; includeSubDomains; preload
      vary:
      - Accept-Encoding,Treat-as-Untrusted,X-Forwarded-Proto,Cookie
      x-cache:
      - cp4037 miss, cp4037 pass
      x-cache-status:
      - pass
      x-client-ip:
      - 205.251.233.183
      x-content-type-options:
      - nosniff
      x-frame-options:
      - DENY
      x-search-id:
      - 9u03osgjg4w7031u61ue0rjpm
    status:
      code: 200
      message: OK
- request:
    body: null
    headers:
      Accept:
      - '*/*'
      Accept-Encoding:
      - gzip, deflate
      Connection:
      - keep-alive
      Cookie:
      - WMF-Last-Access=22-Jan-2024; NetworkProbeLimit=0.001; WMF-Last-Access-Global=22-Jan-2024;
        GeoIP=US:WA:Seattle:47.61:-122.34:v4
      User-Agent:
      - mediawikiapi (https://github.com/lehinevych/MediaWikiAPI/)
    method: GET
    uri: https://en.wikipedia.org/w/api.php?prop=info%7Cpageprops&inprop=url&redirects=&titles=Great+Wall+of+China&format=json&action=query
  response:
    body:
      string: '{"batchcomplete":"","query":{"pages":{"5094570":{"pageid":5094570,"ns":0,"title":"Great
        Wall of China","contentmodel":"wikitext","pagelanguage":"en","pagelanguagehtmlcode":"en","pagelanguagedir":"ltr","touched":"2024-01-21T16:15:21Z","lastrevid":1195260685,"length":58991,"fullurl":"https://en.wikipedia.org/wiki/Great_Wall_of_China","editurl":"https://en.wikipedia.org/w/index.php?title=Great_Wall_of_China&action=edit","canonicalurl":"https://en.wikipedia.org/wiki/Great_Wall_of_China","pageprops":{"defaultsort":"Great
        Wall Of China","page_image_free":"The_Great_Wall_of_China_at_Jinshanling-edit.jpg","wikibase-shortdesc":"Series
        of defensive walls along the historical northern borders of China","wikibase_item":"Q12501"}}}}}'
    headers:
      accept-ranges:
      - bytes
      age:
      - '0'
      cache-control:
      - private, must-revalidate, max-age=0
      content-disposition:
      - inline; filename=api-result.json
      content-length:
      - '730'
      content-type:
      - application/json; charset=utf-8
      date:
      - Mon, 22 Jan 2024 03:34:03 GMT
      nel:
      - '{ "report_to": "wm_nel", "max_age": 604800, "failure_fraction": 0.05, "success_fraction":
        0.0}'
      report-to:
      - '{ "group": "wm_nel", "max_age": 604800, "endpoints": [{ "url": "https://intake-logging.wikimedia.org/v1/events?stream=w3c.reportingapi.network_error&schema_uri=/w3c/reportingapi/network_error/1.0.0"
        }] }'
      server:
      - mw-api-ext.codfw.main-76547589f-5lpkd
      server-timing:
      - cache;desc="pass", host;desc="cp4037"
      set-cookie:
      - NetworkProbeLimit=0.001;Path=/;Secure;Max-Age=3600
      strict-transport-security:
      - max-age=106384710; includeSubDomains; preload
      vary:
      - Accept-Encoding,Treat-as-Untrusted,X-Forwarded-Proto,Cookie
      x-cache:
      - cp4037 miss, cp4037 pass
      x-cache-status:
      - pass
      x-client-ip:
      - 205.251.233.183
      x-content-type-options:
      - nosniff
      x-frame-options:
      - DENY
    status:
      code: 200
      message: OK
- request:
    body: null
    headers:
      Accept:
      - '*/*'
      Accept-Encoding:
      - gzip, deflate
      Connection:
      - keep-alive
      Cookie:
      - WMF-Last-Access=22-Jan-2024; NetworkProbeLimit=0.001; WMF-Last-Access-Global=22-Jan-2024;
        GeoIP=US:WA:Seattle:47.61:-122.34:v4
      User-Agent:
      - mediawikiapi (https://github.com/lehinevych/MediaWikiAPI/)
    method: GET
    uri: https://en.wikipedia.org/w/api.php?prop=info%7Cpageprops&inprop=url&redirects=&titles=Avatar+%282009+film%29&format=json&action=query
  response:
    body:
      string: '{"batchcomplete":"","query":{"pages":{"4273140":{"pageid":4273140,"ns":0,"title":"Avatar
        (2009 film)","contentmodel":"wikitext","pagelanguage":"en","pagelanguagehtmlcode":"en","pagelanguagedir":"ltr","touched":"2024-01-21T19:15:00Z","lastrevid":1197738338,"length":228059,"fullurl":"https://en.wikipedia.org/wiki/Avatar_(2009_film)","editurl":"https://en.wikipedia.org/w/index.php?title=Avatar_(2009_film)&action=edit","canonicalurl":"https://en.wikipedia.org/wiki/Avatar_(2009_film)","pageprops":{"defaultsort":"Avatar","displaytitle":"<i>Avatar</i>
        (2009 film)","page_image":"Avatar_(2009_film)_poster.jpg","toc":"","wikibase-badge-Q17437798":"1","wikibase-shortdesc":"Science
        fiction film by James Cameron","wikibase_item":"Q24871"}}}}}'
    headers:
      accept-ranges:
      - bytes
      age:
      - '0'
      cache-control:
      - private, must-revalidate, max-age=0
      content-disposition:
      - inline; filename=api-result.json
      content-length:
      - '739'
      content-type:
      - application/json; charset=utf-8
      date:
      - Mon, 22 Jan 2024 03:34:03 GMT
      nel:
      - '{ "report_to": "wm_nel", "max_age": 604800, "failure_fraction": 0.05, "success_fraction":
        0.0}'
      report-to:
      - '{ "group": "wm_nel", "max_age": 604800, "endpoints": [{ "url": "https://intake-logging.wikimedia.org/v1/events?stream=w3c.reportingapi.network_error&schema_uri=/w3c/reportingapi/network_error/1.0.0"
        }] }'
      server:
      - mw2332.codfw.wmnet
      server-timing:
      - cache;desc="pass", host;desc="cp4044"
      set-cookie:
      - NetworkProbeLimit=0.001;Path=/;Secure;Max-Age=3600
      strict-transport-security:
      - max-age=106384710; includeSubDomains; preload
      vary:
      - Accept-Encoding,Treat-as-Untrusted,X-Forwarded-Proto,Cookie
      x-cache:
      - cp4044 miss, cp4044 pass
      x-cache-status:
      - pass
      x-client-ip:
      - 205.251.233.111
      x-content-type-options:
      - nosniff
      x-frame-options:
      - DENY
    status:
      code: 200
      message: OK
- request:
    body: null
    headers:
      Accept:
      - '*/*'
      Accept-Encoding:
      - gzip, deflate
      Connection:
      - keep-alive
      Cookie:
      - WMF-Last-Access=22-Jan-2024; NetworkProbeLimit=0.001; WMF-Last-Access-Global=22-Jan-2024;
        GeoIP=US:WA:Seattle:47.61:-122.34:v4
      User-Agent:
      - mediawikiapi (https://github.com/lehinevych/MediaWikiAPI/)
    method: GET
    uri: https://en.wikipedia.org/w/api.php?list=backlinks&generator=links&bltitle=titles&blfilterredir=redirects&titles=Celtuce&format=json&action=query
  response:
    body:
      string: '{"batchcomplete":"","continue":{"gplcontinue":"1868108|0|Food_energy","continue":"gplcontinue||backlinks"},"query":{"pages":{"162296":{"pageid":162296,"ns":0,"title":"Aphid"},"378744":{"pageid":378744,"ns":0,"title":"Calcium
        in biology"},"5932":{"pageid":5932,"ns":0,"title":"Carbohydrate"},"5405":{"pageid":5405,"ns":0,"title":"China"},"167906":{"pageid":167906,"ns":0,"title":"Cultivar"},"396054":{"pageid":396054,"ns":0,"title":"Dietary
        Reference Intake"},"66554":{"pageid":66554,"ns":0,"title":"Dietary fiber"},"2174645":{"pageid":2174645,"ns":0,"title":"EPPO
        Code"},"11042":{"pageid":11042,"ns":0,"title":"Fat"},"54117":{"pageid":54117,"ns":0,"title":"Folate"}},"backlinks":[]}}'
    headers:
      accept-ranges:
      - bytes
      age:
      - '0'
      cache-control:
      - private, must-revalidate, max-age=0
      content-disposition:
      - inline; filename=api-result.json
      content-length:
      - '683'
      content-type:
      - application/json; charset=utf-8
      date:
      - Mon, 22 Jan 2024 03:34:03 GMT
      nel:
      - '{ "report_to": "wm_nel", "max_age": 604800, "failure_fraction": 0.05, "success_fraction":
        0.0}'
      report-to:
      - '{ "group": "wm_nel", "max_age": 604800, "endpoints": [{ "url": "https://intake-logging.wikimedia.org/v1/events?stream=w3c.reportingapi.network_error&schema_uri=/w3c/reportingapi/network_error/1.0.0"
        }] }'
      server:
      - mw2418.codfw.wmnet
      server-timing:
      - cache;desc="pass", host;desc="cp4044"
      set-cookie:
      - NetworkProbeLimit=0.001;Path=/;Secure;Max-Age=3600
      strict-transport-security:
      - max-age=106384710; includeSubDomains; preload
      vary:
      - Accept-Encoding,Treat-as-Untrusted,X-Forwarded-Proto,Cookie
      x-cache:
      - cp4044 miss, cp4044 pass
      x-cache-status:
      - pass
      x-client-ip:
      - 205.251.233.111
      x-content-type-options:
      - nosniff
      x-frame-options:
      - DENY
    status:
      code: 200
      message: OK
- request:
    body: null
    headers:
      Accept:
      - '*/*'
      Accept-Encoding:
      - gzip, deflate
      Connection:
      - keep-alive
      Cookie:
      - WMF-Last-Access=22-Jan-2024; NetworkProbeLimit=0.001; WMF-Last-Access-Global=22-Jan-2024;
        GeoIP=US:WA:Seattle:47.61:-122.34:v4
      User-Agent:
      - mediawikiapi (https://github.com/lehinevych/MediaWikiAPI/)
    method: GET
    uri: https://en.wikipedia.org/w/api.php?list=backlinks&generator=links&bltitle=titles&blfilterredir=redirects&titles=Celtuce&gplcontinue=1868108%7C0%7CFood_energy&continue=gplcontinue%7C%7Cbacklinks&format=json&action=query
  response:
    body:
      string: '{"batchcomplete":"","continue":{"gplcontinue":"1868108|0|Magnesium_in_biology","continue":"gplcontinue||backlinks"},"query":{"pages":{"182303":{"pageid":182303,"ns":0,"title":"Food
        energy"},"6633626":{"pageid":6633626,"ns":0,"title":"Germplasm Resources Information
        Network"},"2987862":{"pageid":2987862,"ns":0,"title":"Global Biodiversity
        Information Facility"},"3190097":{"pageid":3190097,"ns":0,"title":"Google
        Books"},"3335116":{"pageid":3335116,"ns":0,"title":"Human iron metabolism"},"391726":{"pageid":391726,"ns":0,"title":"International
        Plant Names Index"},"865802":{"pageid":865802,"ns":0,"title":"International
        unit"},"1911815":{"pageid":1911815,"ns":0,"title":"Lactuca sativa"},"57079":{"pageid":57079,"ns":0,"title":"Lettuce"},"125616":{"pageid":125616,"ns":0,"title":"List
        of vegetables"}}}}'
    headers:
      accept-ranges:
      - bytes
      age:
      - '2'
      cache-control:
      - private, must-revalidate, max-age=0
      content-disposition:
      - inline; filename=api-result.json
      content-length:
      - '805'
      content-type:
      - application/json; charset=utf-8
      date:
      - Mon, 22 Jan 2024 03:34:03 GMT
      nel:
      - '{ "report_to": "wm_nel", "max_age": 604800, "failure_fraction": 0.05, "success_fraction":
        0.0}'
      report-to:
      - '{ "group": "wm_nel", "max_age": 604800, "endpoints": [{ "url": "https://intake-logging.wikimedia.org/v1/events?stream=w3c.reportingapi.network_error&schema_uri=/w3c/reportingapi/network_error/1.0.0"
        }] }'
      server:
      - mw2287.codfw.wmnet
      server-timing:
      - cache;desc="pass", host;desc="cp4044"
      set-cookie:
      - NetworkProbeLimit=0.001;Path=/;Secure;Max-Age=3600
      strict-transport-security:
      - max-age=106384710; includeSubDomains; preload
      vary:
      - Accept-Encoding,Treat-as-Untrusted,X-Forwarded-Proto,Cookie
      x-cache:
      - cp4044 miss, cp4044 pass
      x-cache-status:
      - pass
      x-client-ip:
      - 205.251.233.111
      x-content-type-options:
      - nosniff
      x-frame-options:
      - DENY
    status:
      code: 200
      message: OK
- request:
    body: null
    headers:
      Accept:
      - '*/*'
      Accept-Encoding:
      - gzip, deflate
      Connection:
      - keep-alive
      Cookie:
      - WMF-Last-Access=22-Jan-2024; NetworkProbeLimit=0.001; WMF-Last-Access-Global=22-Jan-2024;
        GeoIP=US:WA:Seattle:47.61:-122.34:v4
      User-Agent:
      - mediawikiapi (https://github.com/lehinevych/MediaWikiAPI/)
    method: GET
    uri: https://en.wikipedia.org/w/api.php?list=backlinks&generator=links&bltitle=titles&blfilterredir=redirects&titles=Celtuce&gplcontinue=1868108%7C0%7CMagnesium_in_biology&continue=gplcontinue%7C%7Cbacklinks&format=json&action=query
  response:
    body:
      string: '{"batchcomplete":"","continue":{"gplcontinue":"1868108|0|Phosphorus","continue":"gplcontinue||backlinks"},"query":{"pages":{"378938":{"pageid":378938,"ns":0,"title":"Magnesium
        in biology"},"19051":{"pageid":19051,"ns":0,"title":"Manganese"},"2454408":{"pageid":2454408,"ns":0,"title":"Mediterranean
        Basin"},"205406":{"pageid":205406,"ns":0,"title":"Microgram"},"157785":{"pageid":157785,"ns":0,"title":"Milligram"},"235195":{"pageid":235195,"ns":0,"title":"Mineral
        (nutrient)"},"149306":{"pageid":149306,"ns":0,"title":"National Center for
        Biotechnology Information"},"71987787":{"pageid":71987787,"ns":0,"title":"Niacin
        (nutrient)"},"47926198":{"pageid":47926198,"ns":0,"title":"Open Tree of Life"},"54099":{"pageid":54099,"ns":0,"title":"Pantothenic
        acid"}}}}'
    headers:
      accept-ranges:
      - bytes
      age:
      - '0'
      cache-control:
      - private, must-revalidate, max-age=0
      content-disposition:
      - inline; filename=api-result.json
      content-length:
      - '761'
      content-type:
      - application/json; charset=utf-8
      date:
      - Mon, 22 Jan 2024 03:34:04 GMT
      nel:
      - '{ "report_to": "wm_nel", "max_age": 604800, "failure_fraction": 0.05, "success_fraction":
        0.0}'
      report-to:
      - '{ "group": "wm_nel", "max_age": 604800, "endpoints": [{ "url": "https://intake-logging.wikimedia.org/v1/events?stream=w3c.reportingapi.network_error&schema_uri=/w3c/reportingapi/network_error/1.0.0"
        }] }'
      server:
      - mw2322.codfw.wmnet
      server-timing:
      - cache;desc="pass", host;desc="cp4044"
      set-cookie:
      - NetworkProbeLimit=0.001;Path=/;Secure;Max-Age=3600
      strict-transport-security:
      - max-age=106384710; includeSubDomains; preload
      vary:
      - Accept-Encoding,Treat-as-Untrusted,X-Forwarded-Proto,Cookie
      x-cache:
      - cp4044 miss, cp4044 pass
      x-cache-status:
      - pass
      x-client-ip:
      - 205.251.233.111
      x-content-type-options:
      - nosniff
      x-frame-options:
      - DENY
    status:
      code: 200
      message: OK
- request:
    body: null
    headers:
      Accept:
      - '*/*'
      Accept-Encoding:
      - gzip, deflate
      Connection:
      - keep-alive
      Cookie:
      - WMF-Last-Access=22-Jan-2024; NetworkProbeLimit=0.001; WMF-Last-Access-Global=22-Jan-2024;
        GeoIP=US:WA:Seattle:47.61:-122.34:v4
      User-Agent:
      - mediawikiapi (https://github.com/lehinevych/MediaWikiAPI/)
    method: GET
    uri: https://en.wikipedia.org/w/api.php?list=backlinks&generator=links&bltitle=titles&blfilterredir=redirects&titles=Celtuce&gplcontinue=1868108%7C0%7CPhosphorus&continue=gplcontinue%7C%7Cbacklinks&format=json&action=query
  response:
    body:
      string: '{"batchcomplete":"","continue":{"gplcontinue":"1868108|0|Species","continue":"gplcontinue||backlinks"},"query":{"pages":{"23318":{"pageid":23318,"ns":0,"title":"Phosphorus"},"23588":{"pageid":23588,"ns":0,"title":"Pinyin"},"18952693":{"pageid":18952693,"ns":0,"title":"Plant
        stem"},"4533478":{"pageid":4533478,"ns":0,"title":"Plants for a Future"},"56412019":{"pageid":56412019,"ns":0,"title":"Plants
        of the World Online"},"378912":{"pageid":378912,"ns":0,"title":"Potassium
        in biology"},"6531493":{"pageid":6531493,"ns":0,"title":"Protein (nutrient)"},"26229":{"pageid":26229,"ns":0,"title":"Riboflavin"},"261949":{"pageid":261949,"ns":0,"title":"Simplified
        Chinese characters"},"22615598":{"pageid":22615598,"ns":0,"title":"Sodium
        in biology"}}}}'
    headers:
      accept-ranges:
      - bytes
      age:
      - '0'
      cache-control:
      - private, must-revalidate, max-age=0
      content-disposition:
      - inline; filename=api-result.json
      content-length:
      - '748'
      content-type:
      - application/json; charset=utf-8
      date:
      - Mon, 22 Jan 2024 03:34:04 GMT
      nel:
      - '{ "report_to": "wm_nel", "max_age": 604800, "failure_fraction": 0.05, "success_fraction":
        0.0}'
      report-to:
      - '{ "group": "wm_nel", "max_age": 604800, "endpoints": [{ "url": "https://intake-logging.wikimedia.org/v1/events?stream=w3c.reportingapi.network_error&schema_uri=/w3c/reportingapi/network_error/1.0.0"
        }] }'
      server:
      - mw2396.codfw.wmnet
      server-timing:
      - cache;desc="pass", host;desc="cp4037"
      set-cookie:
      - NetworkProbeLimit=0.001;Path=/;Secure;Max-Age=3600
      strict-transport-security:
      - max-age=106384710; includeSubDomains; preload
      vary:
      - Accept-Encoding,Treat-as-Untrusted,X-Forwarded-Proto,Cookie
      x-cache:
      - cp4037 miss, cp4037 pass
      x-cache-status:
      - pass
      x-client-ip:
      - 205.251.233.183
      x-content-type-options:
      - nosniff
      x-frame-options:
      - DENY
    status:
      code: 200
      message: OK
- request:
    body: null
    headers:
      Accept:
      - '*/*'
      Accept-Encoding:
      - gzip, deflate
      Connection:
      - keep-alive
      Cookie:
      - WMF-Last-Access=22-Jan-2024; NetworkProbeLimit=0.001; WMF-Last-Access-Global=22-Jan-2024;
        GeoIP=US:WA:Seattle:47.61:-122.34:v4
      User-Agent:
      - mediawikiapi (https://github.com/lehinevych/MediaWikiAPI/)
    method: GET
    uri: https://en.wikipedia.org/w/api.php?list=backlinks&generator=links&bltitle=titles&blfilterredir=redirects&titles=Celtuce&gplcontinue=1868108%7C0%7CSpecies&continue=gplcontinue%7C%7Cbacklinks&format=json&action=query
  response:
    body:
      string: '{"batchcomplete":"","continue":{"gplcontinue":"1868108|0|Vitamin_B6","continue":"gplcontinue||backlinks"},"query":{"pages":{"21780446":{"pageid":21780446,"ns":0,"title":"Species"},"53000":{"pageid":53000,"ns":0,"title":"Stir
        frying"},"25734":{"pageid":25734,"ns":0,"title":"Taiwan"},"43455":{"pageid":43455,"ns":0,"title":"Tang
        dynasty"},"30500":{"pageid":30500,"ns":0,"title":"Thiamine"},"266210":{"pageid":266210,"ns":0,"title":"Traditional
        Chinese characters"},"42325606":{"pageid":42325606,"ns":0,"title":"Tropicos"},"5791492":{"pageid":5791492,"ns":0,"title":"Vegetable"},"32512":{"pageid":32512,"ns":0,"title":"Vitamin"},"54114":{"pageid":54114,"ns":0,"title":"Vitamin
        A"}}}}'
    headers:
      accept-ranges:
      - bytes
      age:
      - '0'
      cache-control:
      - private, must-revalidate, max-age=0
      content-disposition:
      - inline; filename=api-result.json
      content-length:
      - '681'
      content-type:
      - application/json; charset=utf-8
      date:
      - Mon, 22 Jan 2024 03:34:04 GMT
      nel:
      - '{ "report_to": "wm_nel", "max_age": 604800, "failure_fraction": 0.05, "success_fraction":
        0.0}'
      report-to:
      - '{ "group": "wm_nel", "max_age": 604800, "endpoints": [{ "url": "https://intake-logging.wikimedia.org/v1/events?stream=w3c.reportingapi.network_error&schema_uri=/w3c/reportingapi/network_error/1.0.0"
        }] }'
      server:
      - mw-api-ext.codfw.main-76547589f-hcgcv
      server-timing:
      - cache;desc="pass", host;desc="cp4044"
      set-cookie:
      - NetworkProbeLimit=0.001;Path=/;Secure;Max-Age=3600
      strict-transport-security:
      - max-age=106384710; includeSubDomains; preload
      vary:
      - Accept-Encoding,Treat-as-Untrusted,X-Forwarded-Proto,Cookie
      x-cache:
      - cp4044 miss, cp4044 pass
      x-cache-status:
      - pass
      x-client-ip:
      - 205.251.233.111
      x-content-type-options:
      - nosniff
      x-frame-options:
      - DENY
    status:
      code: 200
      message: OK
- request:
    body: null
    headers:
      Accept:
      - '*/*'
      Accept-Encoding:
      - gzip, deflate
      Connection:
      - keep-alive
      Cookie:
      - WMF-Last-Access=22-Jan-2024; NetworkProbeLimit=0.001; WMF-Last-Access-Global=22-Jan-2024;
        GeoIP=US:WA:Seattle:47.61:-122.34:v4
      User-Agent:
      - mediawikiapi (https://github.com/lehinevych/MediaWikiAPI/)
    method: GET
    uri: https://en.wikipedia.org/w/api.php?list=backlinks&generator=links&bltitle=titles&blfilterredir=redirects&titles=Celtuce&gplcontinue=1868108%7C0%7CVitamin_B6&continue=gplcontinue%7C%7Cbacklinks&format=json&action=query
  response:
    body:
      string: '{"batchcomplete":"","continue":{"gplcontinue":"1868108|12|Maintenance_template_removal","continue":"gplcontinue||backlinks"},"query":{"pages":{"54110":{"pageid":54110,"ns":0,"title":"Vitamin
        B6"},"32509":{"pageid":32509,"ns":0,"title":"Vitamin C"},"35412202":{"pageid":35412202,"ns":0,"title":"Wikidata"},"20378103":{"pageid":20378103,"ns":0,"title":"World
        Register of Marine Species"},"34420":{"pageid":34420,"ns":0,"title":"Zinc"},"25432026":{"pageid":25432026,"ns":4,"title":"Wikipedia:Citation
        needed"},"99719":{"pageid":99719,"ns":4,"title":"Wikipedia:Stub"},"3961892":{"pageid":3961892,"ns":4,"title":"Wikipedia:Verifiability"},"2160444":{"pageid":2160444,"ns":10,"title":"Template:Vegetable-stub"},"13381643":{"pageid":13381643,"ns":11,"title":"Template
        talk:Vegetable-stub"}}}}'
    headers:
      accept-ranges:
      - bytes
      age:
      - '0'
      cache-control:
      - private, must-revalidate, max-age=0
      content-disposition:
      - inline; filename=api-result.json
      content-length:
      - '785'
      content-type:
      - application/json; charset=utf-8
      date:
      - Mon, 22 Jan 2024 03:34:05 GMT
      nel:
      - '{ "report_to": "wm_nel", "max_age": 604800, "failure_fraction": 0.05, "success_fraction":
        0.0}'
      report-to:
      - '{ "group": "wm_nel", "max_age": 604800, "endpoints": [{ "url": "https://intake-logging.wikimedia.org/v1/events?stream=w3c.reportingapi.network_error&schema_uri=/w3c/reportingapi/network_error/1.0.0"
        }] }'
      server:
      - mw2298.codfw.wmnet
      server-timing:
      - cache;desc="pass", host;desc="cp4037"
      set-cookie:
      - NetworkProbeLimit=0.001;Path=/;Secure;Max-Age=3600
      strict-transport-security:
      - max-age=106384710; includeSubDomains; preload
      vary:
      - Accept-Encoding,Treat-as-Untrusted,X-Forwarded-Proto,Cookie
      x-cache:
      - cp4037 miss, cp4037 pass
      x-cache-status:
      - pass
      x-client-ip:
      - 205.251.233.183
      x-content-type-options:
      - nosniff
      x-frame-options:
      - DENY
    status:
      code: 200
      message: OK
- request:
    body: null
    headers:
      Accept:
      - '*/*'
      Accept-Encoding:
      - gzip, deflate
      Connection:
      - keep-alive
      Cookie:
      - WMF-Last-Access=22-Jan-2024; NetworkProbeLimit=0.001; WMF-Last-Access-Global=22-Jan-2024;
        GeoIP=US:WA:Seattle:47.61:-122.34:v4
      User-Agent:
      - mediawikiapi (https://github.com/lehinevych/MediaWikiAPI/)
    method: GET
    uri: https://en.wikipedia.org/w/api.php?list=backlinks&generator=links&bltitle=titles&blfilterredir=redirects&titles=Celtuce&gplcontinue=1868108%7C12%7CMaintenance_template_removal&continue=gplcontinue%7C%7Cbacklinks&format=json&action=query
  response:
    body:
      string: '{"batchcomplete":"","query":{"pages":{"49378816":{"pageid":49378816,"ns":12,"title":"Help:Maintenance
        template removal"},"14894626":{"pageid":14894626,"ns":12,"title":"Help:Referencing
        for beginners"},"54111898":{"pageid":54111898,"ns":12,"title":"Help:Taxon
        identifiers"},"52734068":{"pageid":52734068,"ns":14,"title":"Category:Articles
        needing additional references from January 2017"},"69396690":{"pageid":69396690,"ns":14,"title":"Category:Articles
        with unsourced statements from December 2021"},"4474778":{"pageid":4474778,"ns":100,"title":"Portal:Food"}}}}'
    headers:
      accept-ranges:
      - bytes
      age:
      - '0'
      cache-control:
      - private, must-revalidate, max-age=0
      content-disposition:
      - inline; filename=api-result.json
      content-length:
      - '562'
      content-type:
      - application/json; charset=utf-8
      date:
      - Mon, 22 Jan 2024 03:34:05 GMT
      nel:
      - '{ "report_to": "wm_nel", "max_age": 604800, "failure_fraction": 0.05, "success_fraction":
        0.0}'
      report-to:
      - '{ "group": "wm_nel", "max_age": 604800, "endpoints": [{ "url": "https://intake-logging.wikimedia.org/v1/events?stream=w3c.reportingapi.network_error&schema_uri=/w3c/reportingapi/network_error/1.0.0"
        }] }'
      server:
      - mw2399.codfw.wmnet
      server-timing:
      - cache;desc="pass", host;desc="cp4037"
      set-cookie:
      - NetworkProbeLimit=0.001;Path=/;Secure;Max-Age=3600
      strict-transport-security:
      - max-age=106384710; includeSubDomains; preload
      vary:
      - Accept-Encoding,Treat-as-Untrusted,X-Forwarded-Proto,Cookie
      x-cache:
      - cp4037 miss, cp4037 pass
      x-cache-status:
      - pass
      x-client-ip:
      - 205.251.233.183
      x-content-type-options:
      - nosniff
      x-frame-options:
      - DENY
    status:
      code: 200
      message: OK
- request:
    body: null
    headers:
      Accept:
      - '*/*'
      Accept-Encoding:
      - gzip, deflate
      Connection:
      - keep-alive
      Cookie:
      - WMF-Last-Access=22-Jan-2024; NetworkProbeLimit=0.001; WMF-Last-Access-Global=22-Jan-2024;
        GeoIP=US:WA:Seattle:47.61:-122.34:v4
      User-Agent:
      - mediawikiapi (https://github.com/lehinevych/MediaWikiAPI/)
    method: GET
    uri: https://en.wikipedia.org/w/api.php?list=backlinks&generator=links&bltitle=titles&blfilterredir=redirects&titles=2007+Atlantic+hurricane+season&format=json&action=query
  response:
    body:
      string: '{"batchcomplete":"","continue":{"gplcontinue":"2528069|0|2000_Atlantic_hurricane_season","continue":"gplcontinue||backlinks"},"query":{"pages":{"1703391":{"pageid":1703391,"ns":0,"title":"1914
        Atlantic hurricane season"},"1458309":{"pageid":1458309,"ns":0,"title":"1932
        Atlantic hurricane season"},"1402627":{"pageid":1402627,"ns":0,"title":"1933
        Atlantic hurricane season"},"760589":{"pageid":760589,"ns":0,"title":"1961
        Atlantic hurricane season"},"802559":{"pageid":802559,"ns":0,"title":"1988
        Atlantic hurricane season"},"804196":{"pageid":804196,"ns":0,"title":"1990
        Atlantic hurricane season"},"771131":{"pageid":771131,"ns":0,"title":"1992
        Atlantic hurricane season"},"20336287":{"pageid":20336287,"ns":0,"title":"1994
        Atlantic hurricane season"},"737696":{"pageid":737696,"ns":0,"title":"1997
        Atlantic hurricane season"},"737260":{"pageid":737260,"ns":0,"title":"1999
        Atlantic hurricane season"}},"backlinks":[]}}'
    headers:
      accept-ranges:
      - bytes
      age:
      - '0'
      cache-control:
      - private, must-revalidate, max-age=0
      content-disposition:
      - inline; filename=api-result.json
      content-encoding:
      - gzip
      content-length:
      - '281'
      content-type:
      - application/json; charset=utf-8
      date:
      - Mon, 22 Jan 2024 03:34:05 GMT
      nel:
      - '{ "report_to": "wm_nel", "max_age": 604800, "failure_fraction": 0.05, "success_fraction":
        0.0}'
      report-to:
      - '{ "group": "wm_nel", "max_age": 604800, "endpoints": [{ "url": "https://intake-logging.wikimedia.org/v1/events?stream=w3c.reportingapi.network_error&schema_uri=/w3c/reportingapi/network_error/1.0.0"
        }] }'
      server:
      - mw2417.codfw.wmnet
      server-timing:
      - cache;desc="pass", host;desc="cp4044"
      set-cookie:
      - NetworkProbeLimit=0.001;Path=/;Secure;Max-Age=3600
      strict-transport-security:
      - max-age=106384710; includeSubDomains; preload
      vary:
      - Accept-Encoding,Treat-as-Untrusted,X-Forwarded-Proto,Cookie
      x-cache:
      - cp4044 miss, cp4044 pass
      x-cache-status:
      - pass
      x-client-ip:
      - 205.251.233.111
      x-content-type-options:
      - nosniff
      x-frame-options:
      - DENY
    status:
      code: 200
      message: OK
- request:
    body: null
    headers:
      Accept:
      - '*/*'
      Accept-Encoding:
      - gzip, deflate
      Connection:
      - keep-alive
      Cookie:
      - WMF-Last-Access=22-Jan-2024; NetworkProbeLimit=0.001; WMF-Last-Access-Global=22-Jan-2024;
        GeoIP=US:WA:Seattle:47.61:-122.34:v4
      User-Agent:
      - mediawikiapi (https://github.com/lehinevych/MediaWikiAPI/)
    method: GET
    uri: https://en.wikipedia.org/w/api.php?list=backlinks&generator=links&bltitle=titles&blfilterredir=redirects&titles=2007+Atlantic+hurricane+season&gplcontinue=2528069%7C0%7C2000_Atlantic_hurricane_season&continue=gplcontinue%7C%7Cbacklinks&format=json&action=query
  response:
    body:
      string: '{"batchcomplete":"","continue":{"gplcontinue":"2528069|0|2007_North_Indian_Ocean_cyclone_season","continue":"gplcontinue||backlinks"},"query":{"pages":{"736446":{"pageid":736446,"ns":0,"title":"2000
        Atlantic hurricane season"},"736409":{"pageid":736409,"ns":0,"title":"2001
        Atlantic hurricane season"},"736394":{"pageid":736394,"ns":0,"title":"2002
        Atlantic hurricane season"},"733555":{"pageid":733555,"ns":0,"title":"2003
        Atlantic hurricane season"},"723742":{"pageid":723742,"ns":0,"title":"2004
        Atlantic hurricane season"},"1142605":{"pageid":1142605,"ns":0,"title":"2005
        Atlantic hurricane season"},"1308988":{"pageid":1308988,"ns":0,"title":"2006
        Atlantic hurricane season"},"10827461":{"pageid":10827461,"ns":0,"title":"2006\u201307
        Australian region cyclone season"},"10827148":{"pageid":10827148,"ns":0,"title":"2006\u201307
        South-West Indian Ocean cyclone season"},"10827601":{"pageid":10827601,"ns":0,"title":"2006\u201307
        South Pacific cyclone season"}}}}'
    headers:
      accept-ranges:
      - bytes
      age:
      - '0'
      cache-control:
      - private, must-revalidate, max-age=0
      content-disposition:
      - inline; filename=api-result.json
      content-encoding:
      - gzip
      content-length:
      - '329'
      content-type:
      - application/json; charset=utf-8
      date:
      - Mon, 22 Jan 2024 03:34:05 GMT
      nel:
      - '{ "report_to": "wm_nel", "max_age": 604800, "failure_fraction": 0.05, "success_fraction":
        0.0}'
      report-to:
      - '{ "group": "wm_nel", "max_age": 604800, "endpoints": [{ "url": "https://intake-logging.wikimedia.org/v1/events?stream=w3c.reportingapi.network_error&schema_uri=/w3c/reportingapi/network_error/1.0.0"
        }] }'
      server:
      - mw2374.codfw.wmnet
      server-timing:
      - cache;desc="pass", host;desc="cp4044"
      set-cookie:
      - NetworkProbeLimit=0.001;Path=/;Secure;Max-Age=3600
      strict-transport-security:
      - max-age=106384710; includeSubDomains; preload
      vary:
      - Accept-Encoding,Treat-as-Untrusted,X-Forwarded-Proto,Cookie
      x-cache:
      - cp4044 miss, cp4044 pass
      x-cache-status:
      - pass
      x-client-ip:
      - 205.251.233.111
      x-content-type-options:
      - nosniff
      x-frame-options:
      - DENY
    status:
      code: 200
      message: OK
- request:
    body: null
    headers:
      Accept:
      - '*/*'
      Accept-Encoding:
      - gzip, deflate
      Connection:
      - keep-alive
      Cookie:
      - WMF-Last-Access=22-Jan-2024; NetworkProbeLimit=0.001; WMF-Last-Access-Global=22-Jan-2024;
        GeoIP=US:WA:Seattle:47.61:-122.34:v4
      User-Agent:
      - mediawikiapi (https://github.com/lehinevych/MediaWikiAPI/)
    method: GET
    uri: https://en.wikipedia.org/w/api.php?list=backlinks&generator=links&bltitle=titles&blfilterredir=redirects&titles=2007+Atlantic+hurricane+season&gplcontinue=2528069%7C0%7C2007_North_Indian_Ocean_cyclone_season&continue=gplcontinue%7C%7Cbacklinks&format=json&action=query
  response:
    body:
      string: '{"batchcomplete":"","continue":{"gplcontinue":"2528069|0|2017_Atlantic_hurricane_season","continue":"gplcontinue||backlinks"},"query":{"pages":{"7156056":{"pageid":7156056,"ns":0,"title":"2007
        North Indian Ocean cyclone season"},"3630623":{"pageid":3630623,"ns":0,"title":"2007
        Pacific hurricane season"},"2595704":{"pageid":2595704,"ns":0,"title":"2007
        Pacific typhoon season"},"10602610":{"pageid":10602610,"ns":0,"title":"2007\u201308
        Australian region cyclone season"},"10602294":{"pageid":10602294,"ns":0,"title":"2007\u201308
        South-West Indian Ocean cyclone season"},"10704003":{"pageid":10704003,"ns":0,"title":"2007\u201308
        South Pacific cyclone season"},"2530547":{"pageid":2530547,"ns":0,"title":"2008
        Atlantic hurricane season"},"26237603":{"pageid":26237603,"ns":0,"title":"2009
        Atlantic hurricane season"},"25027868":{"pageid":25027868,"ns":0,"title":"2010
        Atlantic hurricane season"},"28048507":{"pageid":28048507,"ns":0,"title":"2013
        Atlantic hurricane season"}}}}'
    headers:
      accept-ranges:
      - bytes
      age:
      - '0'
      cache-control:
      - private, must-revalidate, max-age=0
      content-disposition:
      - inline; filename=api-result.json
      content-encoding:
      - gzip
      content-type:
      - application/json; charset=utf-8
      date:
      - Mon, 22 Jan 2024 03:34:06 GMT
      nel:
      - '{ "report_to": "wm_nel", "max_age": 604800, "failure_fraction": 0.05, "success_fraction":
        0.0}'
      report-to:
      - '{ "group": "wm_nel", "max_age": 604800, "endpoints": [{ "url": "https://intake-logging.wikimedia.org/v1/events?stream=w3c.reportingapi.network_error&schema_uri=/w3c/reportingapi/network_error/1.0.0"
        }] }'
      server:
      - mw2356.codfw.wmnet
      server-timing:
      - cache;desc="pass", host;desc="cp4037"
      set-cookie:
      - NetworkProbeLimit=0.001;Path=/;Secure;Max-Age=3600
      strict-transport-security:
      - max-age=106384710; includeSubDomains; preload
      transfer-encoding:
      - chunked
      vary:
      - Accept-Encoding,Treat-as-Untrusted,X-Forwarded-Proto,Cookie
      x-cache:
      - cp4037 miss, cp4037 pass
      x-cache-status:
      - pass
      x-client-ip:
      - 205.251.233.183
      x-content-type-options:
      - nosniff
      x-frame-options:
      - DENY
    status:
      code: 200
      message: OK
- request:
    body: null
    headers:
      Accept:
      - '*/*'
      Accept-Encoding:
      - gzip, deflate
      Connection:
      - keep-alive
      Cookie:
      - WMF-Last-Access=22-Jan-2024; NetworkProbeLimit=0.001; WMF-Last-Access-Global=22-Jan-2024;
        GeoIP=US:WA:Seattle:47.61:-122.34:v4
      User-Agent:
      - mediawikiapi (https://github.com/lehinevych/MediaWikiAPI/)
    method: GET
    uri: https://en.wikipedia.org/w/api.php?list=backlinks&generator=links&bltitle=titles&blfilterredir=redirects&titles=2007+Atlantic+hurricane+season&gplcontinue=2528069%7C0%7C2017_Atlantic_hurricane_season&continue=gplcontinue%7C%7Cbacklinks&format=json&action=query
  response:
    body:
      string: '{"batchcomplete":"","continue":{"gplcontinue":"2528069|0|Bahamas","continue":"gplcontinue||backlinks"},"query":{"pages":{"38113551":{"pageid":38113551,"ns":0,"title":"2017
        Atlantic hurricane season"},"38113556":{"pageid":38113556,"ns":0,"title":"2019
        Atlantic hurricane season"},"38113558":{"pageid":38113558,"ns":0,"title":"2020
        Atlantic hurricane season"},"1201310":{"pageid":1201310,"ns":0,"title":"Accumulated
        cyclone energy"},"303":{"pageid":303,"ns":0,"title":"Alabama"},"71095":{"pageid":71095,"ns":0,"title":"Atlantic
        Canada"},"2930244":{"pageid":2930244,"ns":0,"title":"Atlantic hurricane season"},"11963992":{"pageid":11963992,"ns":0,"title":"Atmospheric
        convection"},"469497":{"pageid":469497,"ns":0,"title":"Avalon Peninsula"},"3226":{"pageid":3226,"ns":0,"title":"Azores"}}}}'
    headers:
      accept-ranges:
      - bytes
      age:
      - '0'
      cache-control:
      - private, must-revalidate, max-age=0
      content-disposition:
      - inline; filename=api-result.json
      content-length:
      - '788'
      content-type:
      - application/json; charset=utf-8
      date:
      - Mon, 22 Jan 2024 03:34:06 GMT
      nel:
      - '{ "report_to": "wm_nel", "max_age": 604800, "failure_fraction": 0.05, "success_fraction":
        0.0}'
      report-to:
      - '{ "group": "wm_nel", "max_age": 604800, "endpoints": [{ "url": "https://intake-logging.wikimedia.org/v1/events?stream=w3c.reportingapi.network_error&schema_uri=/w3c/reportingapi/network_error/1.0.0"
        }] }'
      server:
      - mw2358.codfw.wmnet
      server-timing:
      - cache;desc="pass", host;desc="cp4044"
      set-cookie:
      - NetworkProbeLimit=0.001;Path=/;Secure;Max-Age=3600
      strict-transport-security:
      - max-age=106384710; includeSubDomains; preload
      vary:
      - Accept-Encoding,Treat-as-Untrusted,X-Forwarded-Proto,Cookie
      x-cache:
      - cp4044 miss, cp4044 pass
      x-cache-status:
      - pass
      x-client-ip:
      - 205.251.233.111
      x-content-type-options:
      - nosniff
      x-frame-options:
      - DENY
    status:
      code: 200
      message: OK
- request:
    body: null
    headers:
      Accept:
      - '*/*'
      Accept-Encoding:
      - gzip, deflate
      Connection:
      - keep-alive
      Cookie:
      - WMF-Last-Access=22-Jan-2024; NetworkProbeLimit=0.001; WMF-Last-Access-Global=22-Jan-2024;
        GeoIP=US:WA:Seattle:47.61:-122.34:v4
      User-Agent:
      - mediawikiapi (https://github.com/lehinevych/MediaWikiAPI/)
    method: GET
    uri: https://en.wikipedia.org/w/api.php?list=backlinks&generator=links&bltitle=titles&blfilterredir=redirects&titles=2007+Atlantic+hurricane+season&gplcontinue=2528069%7C0%7CBahamas&continue=gplcontinue%7C%7Cbacklinks&format=json&action=query
  response:
    body:
      string: '{"batchcomplete":"","continue":{"gplcontinue":"2528069|0|Canadian_dollar","continue":"gplcontinue||backlinks"},"query":{"pages":{"8366550":{"pageid":8366550,"ns":0,"title":"Bahamas"},"362631":{"pageid":362631,"ns":0,"title":"Bar
        (unit)"},"1614124":{"pageid":1614124,"ns":0,"title":"Baroclinic"},"912692":{"pageid":912692,"ns":0,"title":"Bay
        of Campeche"},"136196":{"pageid":136196,"ns":0,"title":"Beaumont, Texas"},"3458":{"pageid":3458,"ns":0,"title":"Belize"},"3460":{"pageid":3460,"ns":0,"title":"Bermuda"},"79663":{"pageid":79663,"ns":0,"title":"Bridge
        City, Texas"},"135600":{"pageid":135600,"ns":0,"title":"Brownsville, Texas"},"66732":{"pageid":66732,"ns":0,"title":"CTV
        Television Network"}}}}'
    headers:
      accept-ranges:
      - bytes
      age:
      - '0'
      cache-control:
      - private, must-revalidate, max-age=0
      content-disposition:
      - inline; filename=api-result.json
      content-length:
      - '701'
      content-type:
      - application/json; charset=utf-8
      date:
      - Mon, 22 Jan 2024 03:34:06 GMT
      nel:
      - '{ "report_to": "wm_nel", "max_age": 604800, "failure_fraction": 0.05, "success_fraction":
        0.0}'
      report-to:
      - '{ "group": "wm_nel", "max_age": 604800, "endpoints": [{ "url": "https://intake-logging.wikimedia.org/v1/events?stream=w3c.reportingapi.network_error&schema_uri=/w3c/reportingapi/network_error/1.0.0"
        }] }'
      server:
      - mw2366.codfw.wmnet
      server-timing:
      - cache;desc="pass", host;desc="cp4044"
      set-cookie:
      - NetworkProbeLimit=0.001;Path=/;Secure;Max-Age=3600
      strict-transport-security:
      - max-age=106384710; includeSubDomains; preload
      vary:
      - Accept-Encoding,Treat-as-Untrusted,X-Forwarded-Proto,Cookie
      x-cache:
      - cp4044 miss, cp4044 pass
      x-cache-status:
      - pass
      x-client-ip:
      - 205.251.233.111
      x-content-type-options:
      - nosniff
      x-frame-options:
      - DENY
    status:
      code: 200
      message: OK
- request:
    body: null
    headers:
      Accept:
      - '*/*'
      Accept-Encoding:
      - gzip, deflate
      Connection:
      - keep-alive
      Cookie:
      - WMF-Last-Access=22-Jan-2024; NetworkProbeLimit=0.001; WMF-Last-Access-Global=22-Jan-2024;
        GeoIP=US:WA:Seattle:47.61:-122.34:v4
      User-Agent:
      - mediawikiapi (https://github.com/lehinevych/MediaWikiAPI/)
    method: GET
    uri: https://en.wikipedia.org/w/api.php?list=backlinks&generator=links&bltitle=titles&blfilterredir=redirects&titles=2007+Atlantic+hurricane+season&gplcontinue=2528069%7C0%7CCanadian_dollar&continue=gplcontinue%7C%7Cbacklinks&format=json&action=query
  response:
    body:
      string: '{"batchcomplete":"","continue":{"gplcontinue":"2528069|0|Colombia","continue":"gplcontinue||backlinks"},"query":{"pages":{"101846":{"pageid":101846,"ns":0,"title":"Canadian
        dollar"},"313791":{"pageid":313791,"ns":0,"title":"Cape Hatteras"},"2654307":{"pageid":2654307,"ns":0,"title":"Cape
        Lookout (North Carolina)"},"18962637":{"pageid":18962637,"ns":0,"title":"Cape
        Verde"},"5468":{"pageid":5468,"ns":0,"title":"Cayman Islands"},"2031425":{"pageid":2031425,"ns":0,"title":"Central
        United States"},"149261":{"pageid":149261,"ns":0,"title":"Coastal erosion"},"31546082":{"pageid":31546082,"ns":0,"title":"Coastal
        flooding"},"60409179":{"pageid":60409179,"ns":0,"title":"Cold core low"},"20279444":{"pageid":20279444,"ns":0,"title":"Cold
        front"}}}}'
    headers:
      accept-ranges:
      - bytes
      age:
      - '1'
      cache-control:
      - private, must-revalidate, max-age=0
      content-disposition:
      - inline; filename=api-result.json
      content-length:
      - '746'
      content-type:
      - application/json; charset=utf-8
      date:
      - Mon, 22 Jan 2024 03:34:07 GMT
      nel:
      - '{ "report_to": "wm_nel", "max_age": 604800, "failure_fraction": 0.05, "success_fraction":
        0.0}'
      report-to:
      - '{ "group": "wm_nel", "max_age": 604800, "endpoints": [{ "url": "https://intake-logging.wikimedia.org/v1/events?stream=w3c.reportingapi.network_error&schema_uri=/w3c/reportingapi/network_error/1.0.0"
        }] }'
      server:
      - mw-api-ext.codfw.main-76547589f-k6wtv
      server-timing:
      - cache;desc="pass", host;desc="cp4037"
      set-cookie:
      - NetworkProbeLimit=0.001;Path=/;Secure;Max-Age=3600
      strict-transport-security:
      - max-age=106384710; includeSubDomains; preload
      vary:
      - Accept-Encoding,Treat-as-Untrusted,X-Forwarded-Proto,Cookie
      x-cache:
      - cp4037 miss, cp4037 pass
      x-cache-status:
      - pass
      x-client-ip:
      - 205.251.233.183
      x-content-type-options:
      - nosniff
      x-frame-options:
      - DENY
    status:
      code: 200
      message: OK
- request:
    body: null
    headers:
      Accept:
      - '*/*'
      Accept-Encoding:
      - gzip, deflate
      Connection:
      - keep-alive
      Cookie:
      - WMF-Last-Access=22-Jan-2024; NetworkProbeLimit=0.001; WMF-Last-Access-Global=22-Jan-2024;
        GeoIP=US:WA:Seattle:47.61:-122.34:v4
      User-Agent:
      - mediawikiapi (https://github.com/lehinevych/MediaWikiAPI/)
    method: GET
    uri: https://en.wikipedia.org/w/api.php?list=backlinks&generator=links&bltitle=titles&blfilterredir=redirects&titles=2007+Atlantic+hurricane+season&gplcontinue=2528069%7C0%7CColombia&continue=gplcontinue%7C%7Cbacklinks&format=json&action=query
  response:
    body:
      string: '{"batchcomplete":"","continue":{"gplcontinue":"2528069|0|El_Ni\u00f1o-Southern_Oscillation","continue":"gplcontinue||backlinks"},"query":{"pages":{"5222":{"pageid":5222,"ns":0,"title":"Colombia"},"475386":{"pageid":475386,"ns":0,"title":"Colorado
        State University"},"2265629":{"pageid":2265629,"ns":0,"title":"Costa Maya"},"5042481":{"pageid":5042481,"ns":0,"title":"Cuba"},"8060":{"pageid":8060,"ns":0,"title":"Dominican
        Republic"},"971289":{"pageid":971289,"ns":0,"title":"Dropsonde"},"89126":{"pageid":89126,"ns":0,"title":"East
        Coast of the United States"},"18947749":{"pageid":18947749,"ns":0,"title":"Effects
        of Hurricane Dean in Mexico"},"12949435":{"pageid":12949435,"ns":0,"title":"Effects
        of Hurricane Dean in the Greater Antilles"},"12845936":{"pageid":12845936,"ns":0,"title":"Effects
        of Hurricane Dean in the Lesser Antilles"}}}}'
    headers:
      accept-ranges:
      - bytes
      age:
      - '0'
      cache-control:
      - private, must-revalidate, max-age=0
      content-disposition:
      - inline; filename=api-result.json
      content-length:
      - '842'
      content-type:
      - application/json; charset=utf-8
      date:
      - Mon, 22 Jan 2024 03:34:07 GMT
      nel:
      - '{ "report_to": "wm_nel", "max_age": 604800, "failure_fraction": 0.05, "success_fraction":
        0.0}'
      report-to:
      - '{ "group": "wm_nel", "max_age": 604800, "endpoints": [{ "url": "https://intake-logging.wikimedia.org/v1/events?stream=w3c.reportingapi.network_error&schema_uri=/w3c/reportingapi/network_error/1.0.0"
        }] }'
      server:
      - mw2283.codfw.wmnet
      server-timing:
      - cache;desc="pass", host;desc="cp4044"
      set-cookie:
      - NetworkProbeLimit=0.001;Path=/;Secure;Max-Age=3600
      strict-transport-security:
      - max-age=106384710; includeSubDomains; preload
      vary:
      - Accept-Encoding,Treat-as-Untrusted,X-Forwarded-Proto,Cookie
      x-cache:
      - cp4044 miss, cp4044 pass
      x-cache-status:
      - pass
      x-client-ip:
      - 205.251.233.111
      x-content-type-options:
      - nosniff
      x-frame-options:
      - DENY
    status:
      code: 200
      message: OK
- request:
    body: null
    headers:
      Accept:
      - '*/*'
      Accept-Encoding:
      - gzip, deflate
      Connection:
      - keep-alive
      Cookie:
      - WMF-Last-Access=22-Jan-2024; NetworkProbeLimit=0.001; WMF-Last-Access-Global=22-Jan-2024;
        GeoIP=US:WA:Seattle:47.61:-122.34:v4
      User-Agent:
      - mediawikiapi (https://github.com/lehinevych/MediaWikiAPI/)
    method: GET
    uri: https://en.wikipedia.org/w/api.php?list=backlinks&generator=links&bltitle=titles&blfilterredir=redirects&titles=2007+Atlantic+hurricane+season&gplcontinue=2528069%7C0%7CEl_Ni%C3%B1o-Southern_Oscillation&continue=gplcontinue%7C%7Cbacklinks&format=json&action=query
  response:
    body:
      string: '{"batchcomplete":"","continue":{"gplcontinue":"2528069|0|Georgia_(U.S._state)","continue":"gplcontinue||backlinks"},"query":{"pages":{"36633803":{"pageid":36633803,"ns":0,"title":"El
        Ni\u00f1o-Southern Oscillation"},"9356":{"pageid":9356,"ns":0,"title":"El
        Salvador"},"109292":{"pageid":109292,"ns":0,"title":"Eustis, Florida"},"8210537":{"pageid":8210537,"ns":0,"title":"Extratropical
        cyclone"},"4652664":{"pageid":4652664,"ns":0,"title":"Eye (cyclone)"},"26608934":{"pageid":26608934,"ns":0,"title":"Eyewall
        replacement cycle"},"18933066":{"pageid":18933066,"ns":0,"title":"Florida"},"975749":{"pageid":975749,"ns":0,"title":"Florida
        Panhandle"},"109509":{"pageid":109509,"ns":0,"title":"Fort Walton Beach, Florida"},"8006988":{"pageid":8006988,"ns":0,"title":"Frontal
        system"}}}}'
    headers:
      accept-ranges:
      - bytes
      age:
      - '0'
      cache-control:
      - private, must-revalidate, max-age=0
      content-disposition:
      - inline; filename=api-result.json
      content-length:
      - '782'
      content-type:
      - application/json; charset=utf-8
      date:
      - Mon, 22 Jan 2024 03:34:07 GMT
      nel:
      - '{ "report_to": "wm_nel", "max_age": 604800, "failure_fraction": 0.05, "success_fraction":
        0.0}'
      report-to:
      - '{ "group": "wm_nel", "max_age": 604800, "endpoints": [{ "url": "https://intake-logging.wikimedia.org/v1/events?stream=w3c.reportingapi.network_error&schema_uri=/w3c/reportingapi/network_error/1.0.0"
        }] }'
      server:
      - mw2352.codfw.wmnet
      server-timing:
      - cache;desc="pass", host;desc="cp4044"
      set-cookie:
      - NetworkProbeLimit=0.001;Path=/;Secure;Max-Age=3600
      strict-transport-security:
      - max-age=106384710; includeSubDomains; preload
      vary:
      - Accept-Encoding,Treat-as-Untrusted,X-Forwarded-Proto,Cookie
      x-cache:
      - cp4044 miss, cp4044 pass
      x-cache-status:
      - pass
      x-client-ip:
      - 205.251.233.111
      x-content-type-options:
      - nosniff
      x-frame-options:
      - DENY
    status:
      code: 200
      message: OK
- request:
    body: null
    headers:
      Accept:
      - '*/*'
      Accept-Encoding:
      - gzip, deflate
      Connection:
      - keep-alive
      Cookie:
      - WMF-Last-Access=22-Jan-2024; NetworkProbeLimit=0.001; WMF-Last-Access-Global=22-Jan-2024;
        GeoIP=US:WA:Seattle:47.61:-122.34:v4
      User-Agent:
      - mediawikiapi (https://github.com/lehinevych/MediaWikiAPI/)
    method: GET
    uri: https://en.wikipedia.org/w/api.php?list=backlinks&generator=links&bltitle=titles&blfilterredir=redirects&titles=2007+Atlantic+hurricane+season&gplcontinue=2528069%7C0%7CGeorgia_%28U.S._state%29&continue=gplcontinue%7C%7Cbacklinks&format=json&action=query
  response:
    body:
      string: '{"batchcomplete":"","continue":{"gplcontinue":"2528069|0|High_Island,_Texas","continue":"gplcontinue||backlinks"},"query":{"pages":{"48830":{"pageid":48830,"ns":0,"title":"Georgia
        (U.S. state)"},"2126501":{"pageid":2126501,"ns":0,"title":"Google Earth"},"298550":{"pageid":298550,"ns":0,"title":"Greater
        Antilles"},"12118":{"pageid":12118,"ns":0,"title":"Greenland"},"12343":{"pageid":12343,"ns":0,"title":"Guadeloupe"},"17238567":{"pageid":17238567,"ns":0,"title":"Guatemala"},"11969":{"pageid":11969,"ns":0,"title":"Gulf
        Coast of the United States"},"21076367":{"pageid":21076367,"ns":0,"title":"Gulf
        of Mexico"},"13373":{"pageid":13373,"ns":0,"title":"Haiti"},"224021":{"pageid":224021,"ns":0,"title":"Hidalgo
        (state)"}}}}'
    headers:
      accept-ranges:
      - bytes
      age:
      - '0'
      cache-control:
      - private, must-revalidate, max-age=0
      content-disposition:
      - inline; filename=api-result.json
      content-length:
      - '725'
      content-type:
      - application/json; charset=utf-8
      date:
      - Mon, 22 Jan 2024 03:34:07 GMT
      nel:
      - '{ "report_to": "wm_nel", "max_age": 604800, "failure_fraction": 0.05, "success_fraction":
        0.0}'
      report-to:
      - '{ "group": "wm_nel", "max_age": 604800, "endpoints": [{ "url": "https://intake-logging.wikimedia.org/v1/events?stream=w3c.reportingapi.network_error&schema_uri=/w3c/reportingapi/network_error/1.0.0"
        }] }'
      server:
      - mw2298.codfw.wmnet
      server-timing:
      - cache;desc="pass", host;desc="cp4044"
      set-cookie:
      - NetworkProbeLimit=0.001;Path=/;Secure;Max-Age=3600
      strict-transport-security:
      - max-age=106384710; includeSubDomains; preload
      vary:
      - Accept-Encoding,Treat-as-Untrusted,X-Forwarded-Proto,Cookie
      x-cache:
      - cp4044 miss, cp4044 pass
      x-cache-status:
      - pass
      x-client-ip:
      - 205.251.233.111
      x-content-type-options:
      - nosniff
      x-frame-options:
      - DENY
    status:
      code: 200
      message: OK
- request:
    body: null
    headers:
      Accept:
      - '*/*'
      Accept-Encoding:
      - gzip, deflate
      Connection:
      - keep-alive
      Cookie:
      - WMF-Last-Access=22-Jan-2024; NetworkProbeLimit=0.001; WMF-Last-Access-Global=22-Jan-2024;
        GeoIP=US:WA:Seattle:47.61:-122.34:v4
      User-Agent:
      - mediawikiapi (https://github.com/lehinevych/MediaWikiAPI/)
    method: GET
    uri: https://en.wikipedia.org/w/api.php?list=backlinks&generator=links&bltitle=titles&blfilterredir=redirects&titles=2007+Atlantic+hurricane+season&gplcontinue=2528069%7C0%7CHigh_Island%2C_Texas&continue=gplcontinue%7C%7Cbacklinks&format=json&action=query
  response:
    body:
      string: '{"batchcomplete":"","continue":{"gplcontinue":"2528069|0|Hurricane_Humberto_(2007)","continue":"gplcontinue||backlinks"},"query":{"pages":{"1009734":{"pageid":1009734,"ns":0,"title":"High
        Island, Texas"},"13714":{"pageid":13714,"ns":0,"title":"Hispaniola"},"27476634":{"pageid":27476634,"ns":0,"title":"History
        of tropical cyclone naming"},"13394":{"pageid":13394,"ns":0,"title":"Honduras"},"35999637":{"pageid":35999637,"ns":0,"title":"Hurricane
        Andrew"},"3511662":{"pageid":3511662,"ns":0,"title":"Hurricane Claudette (2003)"},"12766321":{"pageid":12766321,"ns":0,"title":"Hurricane
        Dean"},"13055518":{"pageid":13055518,"ns":0,"title":"Hurricane Felix"},"598523":{"pageid":598523,"ns":0,"title":"Hurricane
        Gilbert"},"13068865":{"pageid":13068865,"ns":0,"title":"Hurricane Henriette
        (2007)"}}}}'
    headers:
      accept-ranges:
      - bytes
      age:
      - '0'
      cache-control:
      - private, must-revalidate, max-age=0
      content-disposition:
      - inline; filename=api-result.json
      content-length:
      - '795'
      content-type:
      - application/json; charset=utf-8
      date:
      - Mon, 22 Jan 2024 03:34:08 GMT
      nel:
      - '{ "report_to": "wm_nel", "max_age": 604800, "failure_fraction": 0.05, "success_fraction":
        0.0}'
      report-to:
      - '{ "group": "wm_nel", "max_age": 604800, "endpoints": [{ "url": "https://intake-logging.wikimedia.org/v1/events?stream=w3c.reportingapi.network_error&schema_uri=/w3c/reportingapi/network_error/1.0.0"
        }] }'
      server:
      - mw2285.codfw.wmnet
      server-timing:
      - cache;desc="pass", host;desc="cp4037"
      set-cookie:
      - NetworkProbeLimit=0.001;Path=/;Secure;Max-Age=3600
      strict-transport-security:
      - max-age=106384710; includeSubDomains; preload
      vary:
      - Accept-Encoding,Treat-as-Untrusted,X-Forwarded-Proto,Cookie
      x-cache:
      - cp4037 miss, cp4037 pass
      x-cache-status:
      - pass
      x-client-ip:
      - 205.251.233.183
      x-content-type-options:
      - nosniff
      x-frame-options:
      - DENY
    status:
      code: 200
      message: OK
- request:
    body: null
    headers:
      Accept:
      - '*/*'
      Accept-Encoding:
      - gzip, deflate
      Connection:
      - keep-alive
      Cookie:
      - WMF-Last-Access=22-Jan-2024; NetworkProbeLimit=0.001; WMF-Last-Access-Global=22-Jan-2024;
        GeoIP=US:WA:Seattle:47.61:-122.34:v4
      User-Agent:
      - mediawikiapi (https://github.com/lehinevych/MediaWikiAPI/)
    method: GET
    uri: https://en.wikipedia.org/w/api.php?list=backlinks&generator=links&bltitle=titles&blfilterredir=redirects&titles=2007+Atlantic+hurricane+season&gplcontinue=2528069%7C0%7CHurricane_Humberto_%282007%29&continue=gplcontinue%7C%7Cbacklinks&format=json&action=query
  response:
    body:
      string: '{"batchcomplete":"","continue":{"gplcontinue":"2528069|0|Hurricane_Noel","continue":"gplcontinue||backlinks"},"query":{"pages":{"13231849":{"pageid":13231849,"ns":0,"title":"Hurricane
        Humberto (2007)"},"30976821":{"pageid":30976821,"ns":0,"title":"Hurricane
        Hunter"},"974726":{"pageid":974726,"ns":0,"title":"Hurricane Iris"},"55140572":{"pageid":55140572,"ns":0,"title":"Hurricane
        Irma"},"14460597":{"pageid":14460597,"ns":0,"title":"Hurricane Karen (2007)"},"2569378":{"pageid":2569378,"ns":0,"title":"Hurricane
        Katrina"},"13465811":{"pageid":13465811,"ns":0,"title":"Hurricane Lorenzo
        (2007)"},"55262011":{"pageid":55262011,"ns":0,"title":"Hurricane Maria"},"740088":{"pageid":740088,"ns":0,"title":"Hurricane
        Michelle"},"281923":{"pageid":281923,"ns":0,"title":"Hurricane Mitch"}}}}'
    headers:
      accept-ranges:
      - bytes
      age:
      - '0'
      cache-control:
      - private, must-revalidate, max-age=0
      content-disposition:
      - inline; filename=api-result.json
      content-length:
      - '786'
      content-type:
      - application/json; charset=utf-8
      date:
      - Mon, 22 Jan 2024 03:34:08 GMT
      nel:
      - '{ "report_to": "wm_nel", "max_age": 604800, "failure_fraction": 0.05, "success_fraction":
        0.0}'
      report-to:
      - '{ "group": "wm_nel", "max_age": 604800, "endpoints": [{ "url": "https://intake-logging.wikimedia.org/v1/events?stream=w3c.reportingapi.network_error&schema_uri=/w3c/reportingapi/network_error/1.0.0"
        }] }'
      server:
      - mw-api-ext.codfw.main-76547589f-lw4cb
      server-timing:
      - cache;desc="pass", host;desc="cp4044"
      set-cookie:
      - NetworkProbeLimit=0.001;Path=/;Secure;Max-Age=3600
      strict-transport-security:
      - max-age=106384710; includeSubDomains; preload
      vary:
      - Accept-Encoding,Treat-as-Untrusted,X-Forwarded-Proto,Cookie
      x-cache:
      - cp4044 miss, cp4044 pass
      x-cache-status:
      - pass
      x-client-ip:
      - 205.251.233.111
      x-content-type-options:
      - nosniff
      x-frame-options:
      - DENY
    status:
      code: 200
      message: OK
- request:
    body: null
    headers:
      Accept:
      - '*/*'
      Accept-Encoding:
      - gzip, deflate
      Connection:
      - keep-alive
      Cookie:
      - WMF-Last-Access=22-Jan-2024; NetworkProbeLimit=0.001; WMF-Last-Access-Global=22-Jan-2024;
        GeoIP=US:WA:Seattle:47.61:-122.34:v4
      User-Agent:
      - mediawikiapi (https://github.com/lehinevych/MediaWikiAPI/)
    method: GET
    uri: https://en.wikipedia.org/w/api.php?list=backlinks&generator=links&bltitle=titles&blfilterredir=redirects&titles=2007+Atlantic+hurricane+season&gplcontinue=2528069%7C0%7CHurricane_Noel&continue=gplcontinue%7C%7Cbacklinks&format=json&action=query
  response:
    body:
      string: '{"batchcomplete":"","continue":{"gplcontinue":"2528069|0|Leeward_Antilles","continue":"gplcontinue||backlinks"},"query":{"pages":{"13948899":{"pageid":13948899,"ns":0,"title":"Hurricane
        Noel"},"2878666":{"pageid":2878666,"ns":0,"title":"Hurricane Wilma"},"726492":{"pageid":726492,"ns":0,"title":"Hurricane
        hunter"},"2319766":{"pageid":2319766,"ns":0,"title":"Inch of mercury"},"15660":{"pageid":15660,"ns":0,"title":"Jamaica"},"366810":{"pageid":366810,"ns":0,"title":"Knot
        (unit)"},"78469":{"pageid":78469,"ns":0,"title":"La Ni\u00f1a"},"22139775":{"pageid":22139775,"ns":0,"title":"Labor
        Day Hurricane of 1935"},"58647":{"pageid":58647,"ns":0,"title":"Labrador"},"12836386":{"pageid":12836386,"ns":0,"title":"Lamar,
        Texas"}}}}'
    headers:
      accept-ranges:
      - bytes
      age:
      - '0'
      cache-control:
      - private, must-revalidate, max-age=0
      content-disposition:
      - inline; filename=api-result.json
      content-length:
      - '729'
      content-type:
      - application/json; charset=utf-8
      date:
      - Mon, 22 Jan 2024 03:34:08 GMT
      nel:
      - '{ "report_to": "wm_nel", "max_age": 604800, "failure_fraction": 0.05, "success_fraction":
        0.0}'
      report-to:
      - '{ "group": "wm_nel", "max_age": 604800, "endpoints": [{ "url": "https://intake-logging.wikimedia.org/v1/events?stream=w3c.reportingapi.network_error&schema_uri=/w3c/reportingapi/network_error/1.0.0"
        }] }'
      server:
      - mw2289.codfw.wmnet
      server-timing:
      - cache;desc="pass", host;desc="cp4044"
      set-cookie:
      - NetworkProbeLimit=0.001;Path=/;Secure;Max-Age=3600
      strict-transport-security:
      - max-age=106384710; includeSubDomains; preload
      vary:
      - Accept-Encoding,Treat-as-Untrusted,X-Forwarded-Proto,Cookie
      x-cache:
      - cp4044 miss, cp4044 pass
      x-cache-status:
      - pass
      x-client-ip:
      - 205.251.233.111
      x-content-type-options:
      - nosniff
      x-frame-options:
      - DENY
    status:
      code: 200
      message: OK
- request:
    body: null
    headers:
      Accept:
      - '*/*'
      Accept-Encoding:
      - gzip, deflate
      Connection:
      - keep-alive
      Cookie:
      - WMF-Last-Access=22-Jan-2024; NetworkProbeLimit=0.001; WMF-Last-Access-Global=22-Jan-2024;
        GeoIP=US:WA:Seattle:47.61:-122.34:v4
      User-Agent:
      - mediawikiapi (https://github.com/lehinevych/MediaWikiAPI/)
    method: GET
    uri: https://en.wikipedia.org/w/api.php?list=backlinks&generator=links&bltitle=titles&blfilterredir=redirects&titles=2007+Atlantic+hurricane+season&gplcontinue=2528069%7C0%7CLeeward_Antilles&continue=gplcontinue%7C%7Cbacklinks&format=json&action=query
  response:
    body:
      string: '{"batchcomplete":"","continue":{"gplcontinue":"2528069|0|Martinique","continue":"gplcontinue||backlinks"},"query":{"pages":{"6720770":{"pageid":6720770,"ns":0,"title":"Leeward
        Antilles"},"276895":{"pageid":276895,"ns":0,"title":"Leeward Islands"},"160659":{"pageid":160659,"ns":0,"title":"Lesser
        Antilles"},"57625159":{"pageid":57625159,"ns":0,"title":"List of historic
        tropical cyclone names"},"3430069":{"pageid":3430069,"ns":0,"title":"List
        of retired Atlantic hurricane names"},"723517":{"pageid":723517,"ns":0,"title":"List
        of tropical cyclone names"},"18130":{"pageid":18130,"ns":0,"title":"Louisiana"},"475199":{"pageid":475199,"ns":0,"title":"Low-pressure
        area"},"1059005":{"pageid":1059005,"ns":0,"title":"Lucayan Archipelago"},"295426":{"pageid":295426,"ns":0,"title":"MXN"}}}}'
    headers:
      accept-ranges:
      - bytes
      age:
      - '0'
      cache-control:
      - private, must-revalidate, max-age=0
      content-disposition:
      - inline; filename=api-result.json
      content-length:
      - '787'
      content-type:
      - application/json; charset=utf-8
      date:
      - Mon, 22 Jan 2024 03:34:08 GMT
      nel:
      - '{ "report_to": "wm_nel", "max_age": 604800, "failure_fraction": 0.05, "success_fraction":
        0.0}'
      report-to:
      - '{ "group": "wm_nel", "max_age": 604800, "endpoints": [{ "url": "https://intake-logging.wikimedia.org/v1/events?stream=w3c.reportingapi.network_error&schema_uri=/w3c/reportingapi/network_error/1.0.0"
        }] }'
      server:
      - mw2398.codfw.wmnet
      server-timing:
      - cache;desc="pass", host;desc="cp4037"
      set-cookie:
      - NetworkProbeLimit=0.001;Path=/;Secure;Max-Age=3600
      strict-transport-security:
      - max-age=106384710; includeSubDomains; preload
      vary:
      - Accept-Encoding,Treat-as-Untrusted,X-Forwarded-Proto,Cookie
      x-cache:
      - cp4037 miss, cp4037 pass
      x-cache-status:
      - pass
      x-client-ip:
      - 205.251.233.183
      x-content-type-options:
      - nosniff
      x-frame-options:
      - DENY
    status:
      code: 200
      message: OK
- request:
    body: null
    headers:
      Accept:
      - '*/*'
      Accept-Encoding:
      - gzip, deflate
      Connection:
      - keep-alive
      Cookie:
      - WMF-Last-Access=22-Jan-2024; NetworkProbeLimit=0.001; WMF-Last-Access-Global=22-Jan-2024;
        GeoIP=US:WA:Seattle:47.61:-122.34:v4
      User-Agent:
      - mediawikiapi (https://github.com/lehinevych/MediaWikiAPI/)
    method: GET
    uri: https://en.wikipedia.org/w/api.php?list=backlinks&generator=links&bltitle=titles&blfilterredir=redirects&titles=2007+Atlantic+hurricane+season&gplcontinue=2528069%7C0%7CMartinique&continue=gplcontinue%7C%7Cbacklinks&format=json&action=query
  response:
    body:
      string: '{"batchcomplete":"","continue":{"gplcontinue":"2528069|0|National_Hurricane_Center","continue":"gplcontinue||backlinks"},"query":{"pages":{"19169":{"pageid":19169,"ns":0,"title":"Martinique"},"7090289":{"pageid":7090289,"ns":0,"title":"Matagorda,
        Texas"},"2614843":{"pageid":2614843,"ns":0,"title":"Mbar"},"28057466":{"pageid":28057466,"ns":0,"title":"Mediterranean
        tropical-like cyclone"},"319671":{"pageid":319671,"ns":0,"title":"Met Office"},"12855019":{"pageid":12855019,"ns":0,"title":"Meteorological
        history of Hurricane Dean"},"26090837":{"pageid":26090837,"ns":0,"title":"Mid-Atlantic
        States"},"16949861":{"pageid":16949861,"ns":0,"title":"Mississippi"},"213071":{"pageid":213071,"ns":0,"title":"Mosquito
        Coast"},"60846":{"pageid":60846,"ns":0,"title":"NOAA"}}}}'
    headers:
      accept-ranges:
      - bytes
      age:
      - '0'
      cache-control:
      - private, must-revalidate, max-age=0
      content-disposition:
      - inline; filename=api-result.json
      content-length:
      - '770'
      content-type:
      - application/json; charset=utf-8
      date:
      - Mon, 22 Jan 2024 03:34:09 GMT
      nel:
      - '{ "report_to": "wm_nel", "max_age": 604800, "failure_fraction": 0.05, "success_fraction":
        0.0}'
      report-to:
      - '{ "group": "wm_nel", "max_age": 604800, "endpoints": [{ "url": "https://intake-logging.wikimedia.org/v1/events?stream=w3c.reportingapi.network_error&schema_uri=/w3c/reportingapi/network_error/1.0.0"
        }] }'
      server:
      - mw2399.codfw.wmnet
      server-timing:
      - cache;desc="pass", host;desc="cp4037"
      set-cookie:
      - NetworkProbeLimit=0.001;Path=/;Secure;Max-Age=3600
      strict-transport-security:
      - max-age=106384710; includeSubDomains; preload
      vary:
      - Accept-Encoding,Treat-as-Untrusted,X-Forwarded-Proto,Cookie
      x-cache:
      - cp4037 miss, cp4037 pass
      x-cache-status:
      - pass
      x-client-ip:
      - 205.251.233.183
      x-content-type-options:
      - nosniff
      x-frame-options:
      - DENY
    status:
      code: 200
      message: OK
- request:
    body: null
    headers:
      Accept:
      - '*/*'
      Accept-Encoding:
      - gzip, deflate
      Connection:
      - keep-alive
      Cookie:
      - WMF-Last-Access=22-Jan-2024; NetworkProbeLimit=0.001; WMF-Last-Access-Global=22-Jan-2024;
        GeoIP=US:WA:Seattle:47.61:-122.34:v4
      User-Agent:
      - mediawikiapi (https://github.com/lehinevych/MediaWikiAPI/)
    method: GET
    uri: https://en.wikipedia.org/w/api.php?list=backlinks&generator=links&bltitle=titles&blfilterredir=redirects&titles=2007+Atlantic+hurricane+season&gplcontinue=2528069%7C0%7CNational_Hurricane_Center&continue=gplcontinue%7C%7Cbacklinks&format=json&action=query
  response:
    body:
      string: '{"batchcomplete":"","continue":{"gplcontinue":"2528069|0|Oklahoma","continue":"gplcontinue||backlinks"},"query":{"pages":{"255317":{"pageid":255317,"ns":0,"title":"National
        Hurricane Center"},"37876":{"pageid":37876,"ns":0,"title":"National Oceanic
        and Atmospheric Administration"},"26304966":{"pageid":26304966,"ns":0,"title":"Newfoundland
        (island)"},"21980":{"pageid":21980,"ns":0,"title":"Newfoundland and Labrador"},"21362":{"pageid":21362,"ns":0,"title":"Nicaragua"},"482655":{"pageid":482655,"ns":0,"title":"Nicaraguan
        c\u00f3rdoba"},"38366078":{"pageid":38366078,"ns":0,"title":"North Atlantic
        tropical cyclone"},"21650":{"pageid":21650,"ns":0,"title":"North Carolina"},"21184":{"pageid":21184,"ns":0,"title":"Nova
        Scotia"},"195137":{"pageid":195137,"ns":0,"title":"Oil refinery"}}}}'
    headers:
      accept-ranges:
      - bytes
      age:
      - '0'
      cache-control:
      - private, must-revalidate, max-age=0
      content-disposition:
      - inline; filename=api-result.json
      content-length:
      - '790'
      content-type:
      - application/json; charset=utf-8
      date:
      - Mon, 22 Jan 2024 03:34:09 GMT
      nel:
      - '{ "report_to": "wm_nel", "max_age": 604800, "failure_fraction": 0.05, "success_fraction":
        0.0}'
      report-to:
      - '{ "group": "wm_nel", "max_age": 604800, "endpoints": [{ "url": "https://intake-logging.wikimedia.org/v1/events?stream=w3c.reportingapi.network_error&schema_uri=/w3c/reportingapi/network_error/1.0.0"
        }] }'
      server:
      - mw-api-ext.codfw.main-76547589f-rpzmz
      server-timing:
      - cache;desc="pass", host;desc="cp4044"
      set-cookie:
      - NetworkProbeLimit=0.001;Path=/;Secure;Max-Age=3600
      strict-transport-security:
      - max-age=106384710; includeSubDomains; preload
      vary:
      - Accept-Encoding,Treat-as-Untrusted,X-Forwarded-Proto,Cookie
      x-cache:
      - cp4044 miss, cp4044 pass
      x-cache-status:
      - pass
      x-client-ip:
      - 205.251.233.111
      x-content-type-options:
      - nosniff
      x-frame-options:
      - DENY
    status:
      code: 200
      message: OK
- request:
    body: null
    headers:
      Accept:
      - '*/*'
      Accept-Encoding:
      - gzip, deflate
      Connection:
      - keep-alive
      Cookie:
      - WMF-Last-Access=22-Jan-2024; NetworkProbeLimit=0.001; WMF-Last-Access-Global=22-Jan-2024;
        GeoIP=US:WA:Seattle:47.61:-122.34:v4
      User-Agent:
      - mediawikiapi (https://github.com/lehinevych/MediaWikiAPI/)
    method: GET
    uri: https://en.wikipedia.org/w/api.php?list=backlinks&generator=links&bltitle=titles&blfilterredir=redirects&titles=2007+Atlantic+hurricane+season&gplcontinue=2528069%7C0%7COklahoma&continue=gplcontinue%7C%7Cbacklinks&format=json&action=query
  response:
    body:
      string: '{"batchcomplete":"","continue":{"gplcontinue":"2528069|0|Saffir\u2013Simpson_scale","continue":"gplcontinue||backlinks"},"query":{"pages":{"22489":{"pageid":22489,"ns":0,"title":"Oklahoma"},"19946719":{"pageid":19946719,"ns":0,"title":"Oklahoma
        City, Oklahoma"},"66014":{"pageid":66014,"ns":0,"title":"Pascal (unit)"},"151211":{"pageid":151211,"ns":0,"title":"Port
        Arthur, Texas"},"18935551":{"pageid":18935551,"ns":0,"title":"Public domain"},"413436":{"pageid":413436,"ns":0,"title":"Puebla"},"23041":{"pageid":23041,"ns":0,"title":"Puerto
        Rico"},"3570464":{"pageid":3570464,"ns":0,"title":"QuikScat"},"313371":{"pageid":313371,"ns":0,"title":"Rip
        current"},"1728419":{"pageid":1728419,"ns":0,"title":"Royal St. John''s Regatta"}}}}'
    headers:
      accept-ranges:
      - bytes
      age:
      - '0'
      cache-control:
      - private, must-revalidate, max-age=0
      content-disposition:
      - inline; filename=api-result.json
      content-length:
      - '732'
      content-type:
      - application/json; charset=utf-8
      date:
      - Mon, 22 Jan 2024 03:34:09 GMT
      nel:
      - '{ "report_to": "wm_nel", "max_age": 604800, "failure_fraction": 0.05, "success_fraction":
        0.0}'
      report-to:
      - '{ "group": "wm_nel", "max_age": 604800, "endpoints": [{ "url": "https://intake-logging.wikimedia.org/v1/events?stream=w3c.reportingapi.network_error&schema_uri=/w3c/reportingapi/network_error/1.0.0"
        }] }'
      server:
      - mw2318.codfw.wmnet
      server-timing:
      - cache;desc="pass", host;desc="cp4044"
      set-cookie:
      - NetworkProbeLimit=0.001;Path=/;Secure;Max-Age=3600
      strict-transport-security:
      - max-age=106384710; includeSubDomains; preload
      vary:
      - Accept-Encoding,Treat-as-Untrusted,X-Forwarded-Proto,Cookie
      x-cache:
      - cp4044 miss, cp4044 pass
      x-cache-status:
      - pass
      x-client-ip:
      - 205.251.233.111
      x-content-type-options:
      - nosniff
      x-frame-options:
      - DENY
    status:
      code: 200
      message: OK
- request:
    body: null
    headers:
      Accept:
      - '*/*'
      Accept-Encoding:
      - gzip, deflate
      Connection:
      - keep-alive
      Cookie:
      - WMF-Last-Access=22-Jan-2024; NetworkProbeLimit=0.001; WMF-Last-Access-Global=22-Jan-2024;
        GeoIP=US:WA:Seattle:47.61:-122.34:v4
      User-Agent:
      - mediawikiapi (https://github.com/lehinevych/MediaWikiAPI/)
    method: GET
    uri: https://en.wikipedia.org/w/api.php?list=backlinks&generator=links&bltitle=titles&blfilterredir=redirects&titles=2007+Atlantic+hurricane+season&gplcontinue=2528069%7C0%7CSaffir%E2%80%93Simpson_scale&continue=gplcontinue%7C%7Cbacklinks&format=json&action=query
  response:
    body:
      string: '{"batchcomplete":"","continue":{"gplcontinue":"2528069|0|Southeast_U.S.","continue":"gplcontinue||backlinks"},"query":{"pages":{"255313":{"pageid":255313,"ns":0,"title":"Saffir\u2013Simpson
        scale"},"6137903":{"pageid":6137903,"ns":0,"title":"Saharan Air Layer"},"27208":{"pageid":27208,"ns":0,"title":"Saint
        Lucia"},"23532812":{"pageid":23532812,"ns":0,"title":"San Lorenzo River (Mexico)"},"998566":{"pageid":998566,"ns":0,"title":"Santiago
        Province (Dominican Republic)"},"27683":{"pageid":27683,"ns":0,"title":"Satellite"},"84493":{"pageid":84493,"ns":0,"title":"Savannah,
        Georgia"},"899880":{"pageid":899880,"ns":0,"title":"Sea surface temperature"},"567831":{"pageid":567831,"ns":0,"title":"South
        Atlantic tropical cyclone"},"27956":{"pageid":27956,"ns":0,"title":"South
        Carolina"}}}}'
    headers:
      accept-ranges:
      - bytes
      age:
      - '1'
      cache-control:
      - private, must-revalidate, max-age=0
      content-disposition:
      - inline; filename=api-result.json
      content-length:
      - '789'
      content-type:
      - application/json; charset=utf-8
      date:
      - Mon, 22 Jan 2024 03:34:10 GMT
      nel:
      - '{ "report_to": "wm_nel", "max_age": 604800, "failure_fraction": 0.05, "success_fraction":
        0.0}'
      report-to:
      - '{ "group": "wm_nel", "max_age": 604800, "endpoints": [{ "url": "https://intake-logging.wikimedia.org/v1/events?stream=w3c.reportingapi.network_error&schema_uri=/w3c/reportingapi/network_error/1.0.0"
        }] }'
      server:
      - mw2318.codfw.wmnet
      server-timing:
      - cache;desc="pass", host;desc="cp4044"
      set-cookie:
      - NetworkProbeLimit=0.001;Path=/;Secure;Max-Age=3600
      strict-transport-security:
      - max-age=106384710; includeSubDomains; preload
      vary:
      - Accept-Encoding,Treat-as-Untrusted,X-Forwarded-Proto,Cookie
      x-cache:
      - cp4044 miss, cp4044 pass
      x-cache-status:
      - pass
      x-client-ip:
      - 205.251.233.111
      x-content-type-options:
      - nosniff
      x-frame-options:
      - DENY
    status:
      code: 200
      message: OK
- request:
    body: null
    headers:
      Accept:
      - '*/*'
      Accept-Encoding:
      - gzip, deflate
      Connection:
      - keep-alive
      Cookie:
      - WMF-Last-Access=22-Jan-2024; NetworkProbeLimit=0.001; WMF-Last-Access-Global=22-Jan-2024;
        GeoIP=US:WA:Seattle:47.61:-122.34:v4
      User-Agent:
      - mediawikiapi (https://github.com/lehinevych/MediaWikiAPI/)
    method: GET
    uri: https://en.wikipedia.org/w/api.php?list=backlinks&generator=links&bltitle=titles&blfilterredir=redirects&titles=2007+Atlantic+hurricane+season&gplcontinue=2528069%7C0%7CSoutheast_U.S.&continue=gplcontinue%7C%7Cbacklinks&format=json&action=query
  response:
    body:
      string: '{"batchcomplete":"","continue":{"gplcontinue":"2528069|0|Timeline_of_2007_Atlantic_hurricane_season","continue":"gplcontinue||backlinks"},"query":{"pages":{"2078189":{"pageid":2078189,"ns":0,"title":"Southeast
        U.S."},"449744":{"pageid":449744,"ns":0,"title":"Storm surge"},"10923896":{"pageid":10923896,"ns":0,"title":"Subtropical
        Storm Andrea (2007)"},"100194":{"pageid":100194,"ns":0,"title":"Subtropical
        cyclone"},"5413154":{"pageid":5413154,"ns":0,"title":"Subtropical ridge"},"12892770":{"pageid":12892770,"ns":0,"title":"Tecolutla"},"14473373":{"pageid":14473373,"ns":0,"title":"Tecolutla,
        Mexico"},"29810":{"pageid":29810,"ns":0,"title":"Texas"},"3451":{"pageid":3451,"ns":0,"title":"The
        Bahamas"},"209773":{"pageid":209773,"ns":0,"title":"The Carolinas"}}}}'
    headers:
      accept-ranges:
      - bytes
      age:
      - '0'
      cache-control:
      - private, must-revalidate, max-age=0
      content-disposition:
      - inline; filename=api-result.json
      content-length:
      - '765'
      content-type:
      - application/json; charset=utf-8
      date:
      - Mon, 22 Jan 2024 03:34:10 GMT
      nel:
      - '{ "report_to": "wm_nel", "max_age": 604800, "failure_fraction": 0.05, "success_fraction":
        0.0}'
      report-to:
      - '{ "group": "wm_nel", "max_age": 604800, "endpoints": [{ "url": "https://intake-logging.wikimedia.org/v1/events?stream=w3c.reportingapi.network_error&schema_uri=/w3c/reportingapi/network_error/1.0.0"
        }] }'
      server:
      - mw-api-ext.codfw.main-76547589f-lc89g
      server-timing:
      - cache;desc="pass", host;desc="cp4044"
      set-cookie:
      - NetworkProbeLimit=0.001;Path=/;Secure;Max-Age=3600
      strict-transport-security:
      - max-age=106384710; includeSubDomains; preload
      vary:
      - Accept-Encoding,Treat-as-Untrusted,X-Forwarded-Proto,Cookie
      x-cache:
      - cp4044 miss, cp4044 pass
      x-cache-status:
      - pass
      x-client-ip:
      - 205.251.233.111
      x-content-type-options:
      - nosniff
      x-frame-options:
      - DENY
    status:
      code: 200
      message: OK
- request:
    body: null
    headers:
      Accept:
      - '*/*'
      Accept-Encoding:
      - gzip, deflate
      Connection:
      - keep-alive
      Cookie:
      - WMF-Last-Access=22-Jan-2024; NetworkProbeLimit=0.001; WMF-Last-Access-Global=22-Jan-2024;
        GeoIP=US:WA:Seattle:47.61:-122.34:v4
      User-Agent:
      - mediawikiapi (https://github.com/lehinevych/MediaWikiAPI/)
    method: GET
    uri: https://en.wikipedia.org/w/api.php?list=backlinks&generator=links&bltitle=titles&blfilterredir=redirects&titles=2007+Atlantic+hurricane+season&gplcontinue=2528069%7C0%7CTimeline_of_2007_Atlantic_hurricane_season&continue=gplcontinue%7C%7Cbacklinks&format=json&action=query
  response:
    body:
      string: '{"batchcomplete":"","continue":{"gplcontinue":"2528069|0|Tropical_Storm_Arlene_(1981)","continue":"gplcontinue||backlinks"},"query":{"pages":{"-1":{"ns":0,"title":"Timeline
        of 2007 Atlantic hurricane season","missing":""},"-2":{"ns":0,"title":"Timeline
        of 2007 Atlantic hurricane seasons","missing":""},"11235135":{"pageid":11235135,"ns":0,"title":"Timeline
        of the 2007 Atlantic hurricane season"},"162070":{"pageid":162070,"ns":0,"title":"Tobago"},"3565457":{"pageid":3565457,"ns":0,"title":"Trinidad
        and Tobago"},"1370135":{"pageid":1370135,"ns":0,"title":"Trinidad and Tobago
        dollar"},"31508314":{"pageid":31508314,"ns":0,"title":"Tropical Cyclone Report"},"13380735":{"pageid":13380735,"ns":0,"title":"Tropical
        Depression Ten (2007)"},"334013":{"pageid":334013,"ns":0,"title":"Tropical
        Storm Allison"},"3314256":{"pageid":3314256,"ns":0,"title":"Tropical Storm
        Ana (2003)"}}}}'
    headers:
      accept-ranges:
      - bytes
      age:
      - '0'
      cache-control:
      - private, must-revalidate, max-age=0
      content-disposition:
      - inline; filename=api-result.json
      content-encoding:
      - gzip
      content-length:
      - '354'
      content-type:
      - application/json; charset=utf-8
      date:
      - Mon, 22 Jan 2024 03:34:10 GMT
      nel:
      - '{ "report_to": "wm_nel", "max_age": 604800, "failure_fraction": 0.05, "success_fraction":
        0.0}'
      report-to:
      - '{ "group": "wm_nel", "max_age": 604800, "endpoints": [{ "url": "https://intake-logging.wikimedia.org/v1/events?stream=w3c.reportingapi.network_error&schema_uri=/w3c/reportingapi/network_error/1.0.0"
        }] }'
      server:
      - mw2321.codfw.wmnet
      server-timing:
      - cache;desc="pass", host;desc="cp4044"
      set-cookie:
      - NetworkProbeLimit=0.001;Path=/;Secure;Max-Age=3600
      strict-transport-security:
      - max-age=106384710; includeSubDomains; preload
      vary:
      - Accept-Encoding,Treat-as-Untrusted,X-Forwarded-Proto,Cookie
      x-cache:
      - cp4044 miss, cp4044 pass
      x-cache-status:
      - pass
      x-client-ip:
      - 205.251.233.111
      x-content-type-options:
      - nosniff
      x-frame-options:
      - DENY
    status:
      code: 200
      message: OK
- request:
    body: null
    headers:
      Accept:
      - '*/*'
      Accept-Encoding:
      - gzip, deflate
      Connection:
      - keep-alive
      Cookie:
      - WMF-Last-Access=22-Jan-2024; NetworkProbeLimit=0.001; WMF-Last-Access-Global=22-Jan-2024;
        GeoIP=US:WA:Seattle:47.61:-122.34:v4
      User-Agent:
      - mediawikiapi (https://github.com/lehinevych/MediaWikiAPI/)
    method: GET
    uri: https://en.wikipedia.org/w/api.php?list=backlinks&generator=links&bltitle=titles&blfilterredir=redirects&titles=2007+Atlantic+hurricane+season&gplcontinue=2528069%7C0%7CTropical_Storm_Arlene_%281981%29&continue=gplcontinue%7C%7Cbacklinks&format=json&action=query
  response:
    body:
      string: '{"batchcomplete":"","continue":{"gplcontinue":"2528069|0|Tropical_cyclone_seasonal_forecasting","continue":"gplcontinue||backlinks"},"query":{"pages":{"25667337":{"pageid":25667337,"ns":0,"title":"Tropical
        Storm Arlene (1981)"},"11548718":{"pageid":11548718,"ns":0,"title":"Tropical
        Storm Barry (2007)"},"12299808":{"pageid":12299808,"ns":0,"title":"Tropical
        Storm Chantal (2007)"},"14054738":{"pageid":14054738,"ns":0,"title":"Tropical
        Storm Erin (2007)"},"13150402":{"pageid":13150402,"ns":0,"title":"Tropical
        Storm Gabrielle (2007)"},"14668232":{"pageid":14668232,"ns":0,"title":"Tropical
        Storm Olga (2007)"},"3570152":{"pageid":3570152,"ns":0,"title":"Tropical Storm
        Zeta (2005)"},"8282374":{"pageid":8282374,"ns":0,"title":"Tropical cyclone"},"460919":{"pageid":460919,"ns":0,"title":"Tropical
        cyclone naming"},"3306341":{"pageid":3306341,"ns":0,"title":"Tropical cyclone
        scales"}}}}'
    headers:
      accept-ranges:
      - bytes
      age:
      - '0'
      cache-control:
      - private, must-revalidate, max-age=0
      content-disposition:
      - inline; filename=api-result.json
      content-encoding:
      - gzip
      content-length:
      - '330'
      content-type:
      - application/json; charset=utf-8
      date:
      - Mon, 22 Jan 2024 03:34:10 GMT
      nel:
      - '{ "report_to": "wm_nel", "max_age": 604800, "failure_fraction": 0.05, "success_fraction":
        0.0}'
      report-to:
      - '{ "group": "wm_nel", "max_age": 604800, "endpoints": [{ "url": "https://intake-logging.wikimedia.org/v1/events?stream=w3c.reportingapi.network_error&schema_uri=/w3c/reportingapi/network_error/1.0.0"
        }] }'
      server:
      - mw2300.codfw.wmnet
      server-timing:
      - cache;desc="pass", host;desc="cp4044"
      set-cookie:
      - NetworkProbeLimit=0.001;Path=/;Secure;Max-Age=3600
      strict-transport-security:
      - max-age=106384710; includeSubDomains; preload
      vary:
      - Accept-Encoding,Treat-as-Untrusted,X-Forwarded-Proto,Cookie
      x-cache:
      - cp4044 miss, cp4044 pass
      x-cache-status:
      - pass
      x-client-ip:
      - 205.251.233.111
      x-content-type-options:
      - nosniff
      x-frame-options:
      - DENY
    status:
      code: 200
      message: OK
- request:
    body: null
    headers:
      Accept:
      - '*/*'
      Accept-Encoding:
      - gzip, deflate
      Connection:
      - keep-alive
      Cookie:
      - WMF-Last-Access=22-Jan-2024; NetworkProbeLimit=0.001; WMF-Last-Access-Global=22-Jan-2024;
        GeoIP=US:WA:Seattle:47.61:-122.34:v4
      User-Agent:
      - mediawikiapi (https://github.com/lehinevych/MediaWikiAPI/)
    method: GET
    uri: https://en.wikipedia.org/w/api.php?list=backlinks&generator=links&bltitle=titles&blfilterredir=redirects&titles=2007+Atlantic+hurricane+season&gplcontinue=2528069%7C0%7CTropical_cyclone_seasonal_forecasting&continue=gplcontinue%7C%7Cbacklinks&format=json&action=query
  response:
    body:
      string: '{"batchcomplete":"","continue":{"gplcontinue":"2528069|0|Venezuela","continue":"gplcontinue||backlinks"},"query":{"pages":{"10026140":{"pageid":10026140,"ns":0,"title":"Tropical
        cyclone seasonal forecasting"},"5055074":{"pageid":5055074,"ns":0,"title":"Tropical
        cyclone watches and warnings"},"30382420":{"pageid":30382420,"ns":0,"title":"Tropical
        cyclones in 2007"},"2474597":{"pageid":2474597,"ns":0,"title":"Tropical upper
        tropospheric trough"},"1038144":{"pageid":1038144,"ns":0,"title":"Tropical
        wave"},"2585489":{"pageid":2585489,"ns":0,"title":"Trough (meteorology)"},"30217":{"pageid":30217,"ns":0,"title":"Turks
        and Caicos Islands"},"1008532":{"pageid":1008532,"ns":0,"title":"Tuxpan"},"151486":{"pageid":151486,"ns":0,"title":"United
        States Dollar"},"18717338":{"pageid":18717338,"ns":0,"title":"United States
        dollar"}}}}'
    headers:
      accept-ranges:
      - bytes
      age:
      - '0'
      cache-control:
      - private, must-revalidate, max-age=0
      content-disposition:
      - inline; filename=api-result.json
      content-length:
      - '831'
      content-type:
      - application/json; charset=utf-8
      date:
      - Mon, 22 Jan 2024 03:34:11 GMT
      nel:
      - '{ "report_to": "wm_nel", "max_age": 604800, "failure_fraction": 0.05, "success_fraction":
        0.0}'
      report-to:
      - '{ "group": "wm_nel", "max_age": 604800, "endpoints": [{ "url": "https://intake-logging.wikimedia.org/v1/events?stream=w3c.reportingapi.network_error&schema_uri=/w3c/reportingapi/network_error/1.0.0"
        }] }'
      server:
      - mw2318.codfw.wmnet
      server-timing:
      - cache;desc="pass", host;desc="cp4044"
      set-cookie:
      - NetworkProbeLimit=0.001;Path=/;Secure;Max-Age=3600
      strict-transport-security:
      - max-age=106384710; includeSubDomains; preload
      vary:
      - Accept-Encoding,Treat-as-Untrusted,X-Forwarded-Proto,Cookie
      x-cache:
      - cp4044 miss, cp4044 pass
      x-cache-status:
      - pass
      x-client-ip:
      - 205.251.233.111
      x-content-type-options:
      - nosniff
      x-frame-options:
      - DENY
    status:
      code: 200
      message: OK
- request:
    body: null
    headers:
      Accept:
      - '*/*'
      Accept-Encoding:
      - gzip, deflate
      Connection:
      - keep-alive
      Cookie:
      - WMF-Last-Access=22-Jan-2024; NetworkProbeLimit=0.001; WMF-Last-Access-Global=22-Jan-2024;
        GeoIP=US:WA:Seattle:47.61:-122.34:v4
      User-Agent:
      - mediawikiapi (https://github.com/lehinevych/MediaWikiAPI/)
    method: GET
    uri: https://en.wikipedia.org/w/api.php?list=backlinks&generator=links&bltitle=titles&blfilterredir=redirects&titles=2007+Atlantic+hurricane+season&gplcontinue=2528069%7C0%7CVenezuela&continue=gplcontinue%7C%7Cbacklinks&format=json&action=query
  response:
    body:
      string: '{"batchcomplete":"","continue":{"gplcontinue":"2528069|0|Yucat\u00e1n_Peninsula","continue":"gplcontinue||backlinks"},"query":{"pages":{"32374":{"pageid":32374,"ns":0,"title":"Venezuela"},"63125":{"pageid":63125,"ns":0,"title":"Veracruz"},"32432":{"pageid":32432,"ns":0,"title":"Virginia"},"2691477":{"pageid":2691477,"ns":0,"title":"West-southwest"},"1244159":{"pageid":1244159,"ns":0,"title":"William
        M. Gray"},"223992":{"pageid":223992,"ns":0,"title":"Wind shear"},"276897":{"pageid":276897,"ns":0,"title":"Windward
        Islands"},"33584":{"pageid":33584,"ns":0,"title":"World Meteorological Organization"},"7693112":{"pageid":7693112,"ns":0,"title":"Wreckhouse,
        Newfoundland and Labrador"},"63798":{"pageid":63798,"ns":0,"title":"Yucatan
        Peninsula"}}}}'
    headers:
      accept-ranges:
      - bytes
      age:
      - '0'
      cache-control:
      - private, must-revalidate, max-age=0
      content-disposition:
      - inline; filename=api-result.json
      content-length:
      - '751'
      content-type:
      - application/json; charset=utf-8
      date:
      - Mon, 22 Jan 2024 03:34:11 GMT
      nel:
      - '{ "report_to": "wm_nel", "max_age": 604800, "failure_fraction": 0.05, "success_fraction":
        0.0}'
      report-to:
      - '{ "group": "wm_nel", "max_age": 604800, "endpoints": [{ "url": "https://intake-logging.wikimedia.org/v1/events?stream=w3c.reportingapi.network_error&schema_uri=/w3c/reportingapi/network_error/1.0.0"
        }] }'
      server:
      - mw2401.codfw.wmnet
      server-timing:
      - cache;desc="pass", host;desc="cp4037"
      set-cookie:
      - NetworkProbeLimit=0.001;Path=/;Secure;Max-Age=3600
      strict-transport-security:
      - max-age=106384710; includeSubDomains; preload
      vary:
      - Accept-Encoding,Treat-as-Untrusted,X-Forwarded-Proto,Cookie
      x-cache:
      - cp4037 miss, cp4037 pass
      x-cache-status:
      - pass
      x-client-ip:
      - 205.251.233.183
      x-content-type-options:
      - nosniff
      x-frame-options:
      - DENY
    status:
      code: 200
      message: OK
- request:
    body: null
    headers:
      Accept:
      - '*/*'
      Accept-Encoding:
      - gzip, deflate
      Connection:
      - keep-alive
      Cookie:
      - WMF-Last-Access=22-Jan-2024; NetworkProbeLimit=0.001; WMF-Last-Access-Global=22-Jan-2024;
        GeoIP=US:WA:Seattle:47.61:-122.34:v4
      User-Agent:
      - mediawikiapi (https://github.com/lehinevych/MediaWikiAPI/)
    method: GET
    uri: https://en.wikipedia.org/w/api.php?list=backlinks&generator=links&bltitle=titles&blfilterredir=redirects&titles=2007+Atlantic+hurricane+season&gplcontinue=2528069%7C0%7CYucat%C3%A1n_Peninsula&continue=gplcontinue%7C%7Cbacklinks&format=json&action=query
  response:
    body:
      string: '{"batchcomplete":"","continue":{"gplcontinue":"2528069|14|CS1_maint:_multiple_names:_authors_list","continue":"gplcontinue||backlinks"},"query":{"pages":{"1248351":{"pageid":1248351,"ns":0,"title":"Yucat\u00e1n
        Peninsula"},"5921878":{"pageid":5921878,"ns":4,"title":"Wikipedia:Featured
        articles"},"2836248":{"pageid":2836248,"ns":4,"title":"Wikipedia:WikiProject
        Tropical cyclones"},"11138685":{"pageid":11138685,"ns":10,"title":"Template:2007
        Atlantic hurricane season buttons"},"1252907":{"pageid":1252907,"ns":10,"title":"Template:Cite
        web"},"17637321":{"pageid":17637321,"ns":10,"title":"Template:Inflation/US"},"61631736":{"pageid":61631736,"ns":10,"title":"Template:Tropical
        cyclone season"},"11138691":{"pageid":11138691,"ns":11,"title":"Template talk:2007
        Atlantic hurricane season buttons"},"62237039":{"pageid":62237039,"ns":11,"title":"Template
        talk:Tropical cyclone season"},"2852084":{"pageid":2852084,"ns":14,"title":"Category:2007
        Atlantic hurricane season"}}}}'
    headers:
      accept-ranges:
      - bytes
      age:
      - '0'
      cache-control:
      - private, must-revalidate, max-age=0
      content-disposition:
      - inline; filename=api-result.json
      content-encoding:
      - gzip
      content-type:
      - application/json; charset=utf-8
      date:
      - Mon, 22 Jan 2024 03:34:11 GMT
      nel:
      - '{ "report_to": "wm_nel", "max_age": 604800, "failure_fraction": 0.05, "success_fraction":
        0.0}'
      report-to:
      - '{ "group": "wm_nel", "max_age": 604800, "endpoints": [{ "url": "https://intake-logging.wikimedia.org/v1/events?stream=w3c.reportingapi.network_error&schema_uri=/w3c/reportingapi/network_error/1.0.0"
        }] }'
      server:
      - mw2372.codfw.wmnet
      server-timing:
      - cache;desc="pass", host;desc="cp4037"
      set-cookie:
      - NetworkProbeLimit=0.001;Path=/;Secure;Max-Age=3600
      strict-transport-security:
      - max-age=106384710; includeSubDomains; preload
      transfer-encoding:
      - chunked
      vary:
      - Accept-Encoding,Treat-as-Untrusted,X-Forwarded-Proto,Cookie
      x-cache:
      - cp4037 miss, cp4037 pass
      x-cache-status:
      - pass
      x-client-ip:
      - 205.251.233.183
      x-content-type-options:
      - nosniff
      x-frame-options:
      - DENY
    status:
      code: 200
      message: OK
- request:
    body: null
    headers:
      Accept:
      - '*/*'
      Accept-Encoding:
      - gzip, deflate
      Connection:
      - keep-alive
      Cookie:
      - WMF-Last-Access=22-Jan-2024; NetworkProbeLimit=0.001; WMF-Last-Access-Global=22-Jan-2024;
        GeoIP=US:WA:Seattle:47.61:-122.34:v4
      User-Agent:
      - mediawikiapi (https://github.com/lehinevych/MediaWikiAPI/)
    method: GET
    uri: https://en.wikipedia.org/w/api.php?list=backlinks&generator=links&bltitle=titles&blfilterredir=redirects&titles=2007+Atlantic+hurricane+season&gplcontinue=2528069%7C14%7CCS1_maint%3A_multiple_names%3A_authors_list&continue=gplcontinue%7C%7Cbacklinks&format=json&action=query
  response:
    body:
      string: '{"batchcomplete":"","query":{"pages":{"50109267":{"pageid":50109267,"ns":14,"title":"Category:CS1
        maint: multiple names: authors list"},"63677956":{"pageid":63677956,"ns":14,"title":"Category:CS1
        maint: numeric names: authors list"},"3271272":{"pageid":3271272,"ns":100,"title":"Portal:Tropical
        cyclones"}}}}'
    headers:
      accept-ranges:
      - bytes
      age:
      - '1'
      cache-control:
      - private, must-revalidate, max-age=0
      content-disposition:
      - inline; filename=api-result.json
      content-length:
      - '308'
      content-type:
      - application/json; charset=utf-8
      date:
      - Mon, 22 Jan 2024 03:34:12 GMT
      nel:
      - '{ "report_to": "wm_nel", "max_age": 604800, "failure_fraction": 0.05, "success_fraction":
        0.0}'
      report-to:
      - '{ "group": "wm_nel", "max_age": 604800, "endpoints": [{ "url": "https://intake-logging.wikimedia.org/v1/events?stream=w3c.reportingapi.network_error&schema_uri=/w3c/reportingapi/network_error/1.0.0"
        }] }'
      server:
      - mw2322.codfw.wmnet
      server-timing:
      - cache;desc="pass", host;desc="cp4044"
      set-cookie:
      - NetworkProbeLimit=0.001;Path=/;Secure;Max-Age=3600
      strict-transport-security:
      - max-age=106384710; includeSubDomains; preload
      vary:
      - Accept-Encoding,Treat-as-Untrusted,X-Forwarded-Proto,Cookie
      x-cache:
      - cp4044 miss, cp4044 pass
      x-cache-status:
      - pass
      x-client-ip:
      - 205.251.233.111
      x-content-type-options:
      - nosniff
      x-frame-options:
      - DENY
    status:
      code: 200
      message: OK
version: 1
